Archive member included to satisfy reference by file (symbol)

d:/imt/tools/01- imt sdk/imt_sdk_win_64/winarm/armgcc/bin/../lib/gcc/arm-none-eabi/7.2.1/thumb/v7e-m\libgcc.a(_arm_addsubsf3.o)
                              ./src/MSYSTICK_Program.o (__aeabi_ui2f)
d:/imt/tools/01- imt sdk/imt_sdk_win_64/winarm/armgcc/bin/../lib/gcc/arm-none-eabi/7.2.1/thumb/v7e-m\libgcc.a(_arm_muldivsf3.o)
                              ./src/MSYSTICK_Program.o (__aeabi_fmul)
d:/imt/tools/01- imt sdk/imt_sdk_win_64/winarm/armgcc/bin/../lib/gcc/arm-none-eabi/7.2.1/thumb/v7e-m\libgcc.a(_arm_fixunssfsi.o)
                              ./src/MSYSTICK_Program.o (__aeabi_f2uiz)
d:/imt/tools/01- imt sdk/imt_sdk_win_64/winarm/armgcc/bin/../lib/gcc/arm-none-eabi/7.2.1/thumb/v7e-m\libgcc.a(_aeabi_ldivmod.o)
                              ./src/HLCD_Program.o (__aeabi_ldivmod)
d:/imt/tools/01- imt sdk/imt_sdk_win_64/winarm/armgcc/bin/../lib/gcc/arm-none-eabi/7.2.1/thumb/v7e-m\libgcc.a(_aeabi_uldivmod.o)
                              ./src/HLCD_Program.o (__aeabi_uldivmod)
d:/imt/tools/01- imt sdk/imt_sdk_win_64/winarm/armgcc/bin/../lib/gcc/arm-none-eabi/7.2.1/thumb/v7e-m\libgcc.a(_udivmoddi4.o)
                              d:/imt/tools/01- imt sdk/imt_sdk_win_64/winarm/armgcc/bin/../lib/gcc/arm-none-eabi/7.2.1/thumb/v7e-m\libgcc.a(_aeabi_ldivmod.o) (__udivmoddi4)
d:/imt/tools/01- imt sdk/imt_sdk_win_64/winarm/armgcc/bin/../lib/gcc/arm-none-eabi/7.2.1/thumb/v7e-m\libgcc.a(_dvmd_tls.o)
                              d:/imt/tools/01- imt sdk/imt_sdk_win_64/winarm/armgcc/bin/../lib/gcc/arm-none-eabi/7.2.1/thumb/v7e-m\libgcc.a(_aeabi_ldivmod.o) (__aeabi_ldiv0)
d:/imt/tools/01- imt sdk/imt_sdk_win_64/winarm/armgcc/bin/../lib/gcc/arm-none-eabi/7.2.1/../../../../arm-none-eabi/lib/thumb/v7e-m\libg_nano.a(lib_a-errno.o)
                              ./system/src/newlib/_sbrk.o (__errno)
d:/imt/tools/01- imt sdk/imt_sdk_win_64/winarm/armgcc/bin/../lib/gcc/arm-none-eabi/7.2.1/../../../../arm-none-eabi/lib/thumb/v7e-m\libg_nano.a(lib_a-impure.o)
                              d:/imt/tools/01- imt sdk/imt_sdk_win_64/winarm/armgcc/bin/../lib/gcc/arm-none-eabi/7.2.1/../../../../arm-none-eabi/lib/thumb/v7e-m\libg_nano.a(lib_a-errno.o) (_impure_ptr)
d:/imt/tools/01- imt sdk/imt_sdk_win_64/winarm/armgcc/bin/../lib/gcc/arm-none-eabi/7.2.1/../../../../arm-none-eabi/lib/thumb/v7e-m\libg_nano.a(lib_a-strlen.o)
                              ./system/src/diag/Trace.o (strlen)
d:/imt/tools/01- imt sdk/imt_sdk_win_64/winarm/armgcc/bin/../lib/gcc/arm-none-eabi/7.2.1/../../../../arm-none-eabi/lib/thumb/v7e-m\libg_nano.a(lib_a-vsnprintf.o)
                              ./system/src/diag/Trace.o (vsnprintf)
d:/imt/tools/01- imt sdk/imt_sdk_win_64/winarm/armgcc/bin/../lib/gcc/arm-none-eabi/7.2.1/../../../../arm-none-eabi/lib/thumb/v7e-m\libg_nano.a(lib_a-nano-svfprintf.o)
                              d:/imt/tools/01- imt sdk/imt_sdk_win_64/winarm/armgcc/bin/../lib/gcc/arm-none-eabi/7.2.1/../../../../arm-none-eabi/lib/thumb/v7e-m\libg_nano.a(lib_a-vsnprintf.o) (_svfprintf_r)
d:/imt/tools/01- imt sdk/imt_sdk_win_64/winarm/armgcc/bin/../lib/gcc/arm-none-eabi/7.2.1/../../../../arm-none-eabi/lib/thumb/v7e-m\libg_nano.a(lib_a-nano-vfprintf_i.o)
                              d:/imt/tools/01- imt sdk/imt_sdk_win_64/winarm/armgcc/bin/../lib/gcc/arm-none-eabi/7.2.1/../../../../arm-none-eabi/lib/thumb/v7e-m\libg_nano.a(lib_a-nano-svfprintf.o) (_printf_i)
d:/imt/tools/01- imt sdk/imt_sdk_win_64/winarm/armgcc/bin/../lib/gcc/arm-none-eabi/7.2.1/../../../../arm-none-eabi/lib/thumb/v7e-m\libg_nano.a(lib_a-memchr.o)
                              d:/imt/tools/01- imt sdk/imt_sdk_win_64/winarm/armgcc/bin/../lib/gcc/arm-none-eabi/7.2.1/../../../../arm-none-eabi/lib/thumb/v7e-m\libg_nano.a(lib_a-nano-svfprintf.o) (memchr)
d:/imt/tools/01- imt sdk/imt_sdk_win_64/winarm/armgcc/bin/../lib/gcc/arm-none-eabi/7.2.1/../../../../arm-none-eabi/lib/thumb/v7e-m\libg_nano.a(lib_a-memcpy-stub.o)
                              d:/imt/tools/01- imt sdk/imt_sdk_win_64/winarm/armgcc/bin/../lib/gcc/arm-none-eabi/7.2.1/../../../../arm-none-eabi/lib/thumb/v7e-m\libg_nano.a(lib_a-nano-svfprintf.o) (memcpy)
d:/imt/tools/01- imt sdk/imt_sdk_win_64/winarm/armgcc/bin/../lib/gcc/arm-none-eabi/7.2.1/../../../../arm-none-eabi/lib/thumb/v7e-m\libg_nano.a(lib_a-memmove.o)
                              d:/imt/tools/01- imt sdk/imt_sdk_win_64/winarm/armgcc/bin/../lib/gcc/arm-none-eabi/7.2.1/../../../../arm-none-eabi/lib/thumb/v7e-m\libg_nano.a(lib_a-nano-svfprintf.o) (memmove)
d:/imt/tools/01- imt sdk/imt_sdk_win_64/winarm/armgcc/bin/../lib/gcc/arm-none-eabi/7.2.1/../../../../arm-none-eabi/lib/thumb/v7e-m\libg_nano.a(lib_a-nano-freer.o)
                              d:/imt/tools/01- imt sdk/imt_sdk_win_64/winarm/armgcc/bin/../lib/gcc/arm-none-eabi/7.2.1/../../../../arm-none-eabi/lib/thumb/v7e-m\libg_nano.a(lib_a-nano-svfprintf.o) (_free_r)
[...]
Memory Configuration

Name             Origin             Length             Attributes
RAM              0x20000000         0x00010000         xrw
CCMRAM           0x10000000         0x00000000         xrw
FLASH            0x08000000         0x00040000         xr
FLASHB1          0x00000000         0x00000000         xr
EXTMEMB0         0x00000000         0x00000000         xr
EXTMEMB1         0x00000000         0x00000000         xr
EXTMEMB2         0x00000000         0x00000000         xr
EXTMEMB3         0x00000000         0x00000000         xr
*default*        0x00000000         0xffffffff

Linker script and memory map

LOAD ./system/src/stm32f4-hal/stm32f4xx_hal.o
LOAD ./system/src/stm32f4-hal/stm32f4xx_hal_cortex.o
LOAD ./system/src/stm32f4-hal/stm32f4xx_hal_dfsdm.o
LOAD ./system/src/stm32f4-hal/stm32f4xx_hal_flash.o
LOAD ./system/src/stm32f4-hal/stm32f4xx_hal_gpio.o
LOAD ./system/src/stm32f4-hal/stm32f4xx_hal_iwdg.o
LOAD ./system/src/stm32f4-hal/stm32f4xx_hal_pwr.o
LOAD ./system/src/stm32f4-hal/stm32f4xx_hal_rcc.o
LOAD ./system/src/newlib/_cxx.o
LOAD ./system/src/newlib/_exit.o
LOAD ./system/src/newlib/_sbrk.o
LOAD ./system/src/newlib/_startup.o
LOAD ./system/src/newlib/_syscalls.o
LOAD ./system/src/newlib/assert.o
LOAD ./system/src/diag/Trace.o
LOAD ./system/src/diag/trace_impl.o
LOAD ./system/src/cortexm/_initialize_hardware.o
LOAD ./system/src/cortexm/_reset_hardware.o
LOAD ./system/src/cortexm/exception_handlers.o
LOAD ./system/src/cmsis/system_stm32f4xx.o
LOAD ./system/src/cmsis/vectors_stm32f401xc.o
LOAD ./src/AHEXAPARSING_Program.o
LOAD ./src/ARM_Delay.o
LOAD ./src/ESP8266_PROG.o
LOAD ./src/HDAC_Program.o
LOAD ./src/HIR_Program.o
LOAD ./src/HKPD_Program.o
LOAD ./src/HLCD_Program.o
LOAD ./src/HLEDMRX_Program.o
LOAD ./src/HS2P_Program.o
LOAD ./src/HTFT_Program.o
LOAD ./src/MDMA_Program.o
LOAD ./src/MEXTI_Config.o
LOAD ./src/MEXTI_Program.o
LOAD ./src/MFDI_Program.o
LOAD ./src/MGPIO_Program.o
LOAD ./src/MNVIC_Program.o
LOAD ./src/MRCC_Program.o
LOAD ./src/MSPI_Program.o
LOAD ./src/MSYSTICK_Program.o
LOAD ./src/RTOS_Program.o
LOAD ./src/USART_PROG.o
LOAD ./src/_initialize_hardware.o
LOAD ./src/_write.o
LOAD ./src/main.o
LOAD ./src/stm32f4xx_hal_msp.o
LOAD d:/imt/tools/01- imt sdk/imt_sdk_win_64/winarm/armgcc/bin/../lib/gcc/arm-none-eabi/7.2.1/../../../../arm-none-eabi/lib/thumb/v7e-m\libstdc++_nano.a
LOAD d:/imt/tools/01- imt sdk/imt_sdk_win_64/winarm/armgcc/bin/../lib/gcc/arm-none-eabi/7.2.1/../../../../arm-none-eabi/lib/thumb/v7e-m\libm.a
START GROUP
LOAD d:/imt/tools/01- imt sdk/imt_sdk_win_64/winarm/armgcc/bin/../lib/gcc/arm-none-eabi/7.2.1/thumb/v7e-m\libgcc.a
LOAD d:/imt/tools/01- imt sdk/imt_sdk_win_64/winarm/armgcc/bin/../lib/gcc/arm-none-eabi/7.2.1/../../../../arm-none-eabi/lib/thumb/v7e-m\libg_nano.a
LOAD d:/imt/tools/01- imt sdk/imt_sdk_win_64/winarm/armgcc/bin/../lib/gcc/arm-none-eabi/7.2.1/../../../../arm-none-eabi/lib/thumb/v7e-m\libc_nano.a
END GROUP
START GROUP
LOAD d:/imt/tools/01- imt sdk/imt_sdk_win_64/winarm/armgcc/bin/../lib/gcc/arm-none-eabi/7.2.1/thumb/v7e-m\libgcc.a
LOAD d:/imt/tools/01- imt sdk/imt_sdk_win_64/winarm/armgcc/bin/../lib/gcc/arm-none-eabi/7.2.1/../../../../arm-none-eabi/lib/thumb/v7e-m\libc_nano.a
END GROUP
                0x20010000                __stack = (ORIGIN (RAM) + LENGTH (RAM))
                0x20010000                _estack = __stack
                0x00000400                __Main_Stack_Size = 0x400
                [!provide]                PROVIDE (_Main_Stack_Size, __Main_Stack_Size)
                0x2000fc00                __Main_Stack_Limit = (__stack - __Main_Stack_Size)
                [!provide]                PROVIDE (_Main_Stack_Limit, __Main_Stack_Limit)
                0x00000100                _Minimum_Stack_Size = 0x100
                0x20000348                PROVIDE (_Heap_Begin, _end_noinit)
                0x2000fc00                PROVIDE (_Heap_Limit, (__stack - __Main_Stack_Size))

.isr_vector     0x08000000      0x3f4
 FILL mask 0xff
                0x08000000                __vectors_start = ABSOLUTE (.)
                0x08000000                __vectors_start__ = ABSOLUTE (.)
 *(.isr_vector)
 .isr_vector    0x08000000      0x194 ./system/src/cmsis/vectors_stm32f401xc.o
                0x08000000                __isr_vectors
 *(.cfmconfig)
 *(.after_vectors .after_vectors.*)
 .after_vectors
                0x08000194      0x130 ./system/src/newlib/_startup.o
                0x08000194                _start
 .after_vectors
                0x080002c4      0x12c ./system/src/cortexm/exception_handlers.o
                0x080002c4                Reset_Handler
                0x080002ca                NMI_Handler
                0x080002ce                HardFault_Handler
                0x080002e2                HardFault_Handler_C
                0x08000340                MemManage_Handler
                0x08000344                BusFault_Handler
                0x08000358                BusFault_Handler_C
                0x0800038c                UsageFault_Handler
                0x080003a0                UsageFault_Handler_C
                0x080003d4                SVC_Handler
                0x080003d8                DebugMon_Handler
                0x080003dc                PendSV_Handler
 .after_vectors
                0x080003f0        0x4 ./system/src/cmsis/vectors_stm32f401xc.o
                0x080003f0                RTC_Alarm_IRQHandler
                0x080003f0                SPI4_IRQHandler
                0x080003f0                TIM1_CC_IRQHandler
                0x080003f0                DMA2_Stream5_IRQHandler
                0x080003f0                DMA1_Stream5_IRQHandler
                0x080003f0                PVD_IRQHandler
                0x080003f0                SDIO_IRQHandler
                0x080003f0                TAMP_STAMP_IRQHandler
                0x080003f0                TIM1_UP_TIM10_IRQHandler
                0x080003f0                I2C3_ER_IRQHandler
                0x080003f0                I2C2_EV_IRQHandler
                0x080003f0                DMA1_Stream2_IRQHandler
                0x080003f0                FPU_IRQHandler
                0x080003f0                DMA2_Stream2_IRQHandler
                0x080003f0                TIM1_BRK_TIM9_IRQHandler
                0x080003f0                DMA2_Stream3_IRQHandler
                0x080003f0                USART6_IRQHandler
                0x080003f0                TIM4_IRQHandler
                0x080003f0                I2C1_EV_IRQHandler
                0x080003f0                DMA1_Stream6_IRQHandler
                0x080003f0                DMA1_Stream1_IRQHandler
                0x080003f0                TIM3_IRQHandler
                0x080003f0                RCC_IRQHandler
                0x080003f0                Default_Handler
                0x080003f0                ADC_IRQHandler
                0x080003f0                DMA1_Stream7_IRQHandler
                0x080003f0                TIM5_IRQHandler
                0x080003f0                DMA2_Stream7_IRQHandler
                0x080003f0                I2C3_EV_IRQHandler
                0x080003f0                RTC_WKUP_IRQHandler
                0x080003f0                DMA1_Stream0_IRQHandler
                0x080003f0                WWDG_IRQHandler
                0x080003f0                TIM2_IRQHandler
                0x080003f0                OTG_FS_WKUP_IRQHandler
                0x080003f0                TIM1_TRG_COM_TIM11_IRQHandler
                0x080003f0                USART2_IRQHandler
                0x080003f0                I2C2_ER_IRQHandler
                0x080003f0                DMA2_Stream1_IRQHandler
                0x080003f0                FLASH_IRQHandler
                0x080003f0                DMA2_Stream4_IRQHandler
                0x080003f0                OTG_FS_IRQHandler
                0x080003f0                DMA1_Stream4_IRQHandler
                0x080003f0                I2C1_ER_IRQHandler
                0x080003f0                DMA2_Stream6_IRQHandler
                0x080003f0                DMA1_Stream3_IRQHandler

.inits          0x080003f4       0x28
                0x080003f4                __data_regions_array_start = .
                0x080003f4        0x4 LONG 0x8002bb4 LOADADDR (.data)
                0x080003f8        0x4 LONG 0x20000000 ADDR (.data)
                0x080003fc        0x4 LONG 0x20000080 (ADDR (.data) + SIZEOF (.data))
                0x08000400        0x4 LONG 0x8002bb4 LOADADDR (.data_CCMRAM)
                0x08000404        0x4 LONG 0x10000000 ADDR (.data_CCMRAM)
                0x08000408        0x4 LONG 0x10000000 (ADDR (.data_CCMRAM) + SIZEOF (.data_CCMRAM))
                0x0800040c                __data_regions_array_end = .
                0x0800040c                __bss_regions_array_start = .
                0x0800040c        0x4 LONG 0x20000080 ADDR (.bss)
                0x08000410        0x4 LONG 0x20000348 (ADDR (.bss) + SIZEOF (.bss))
                0x08000414        0x4 LONG 0x10000000 ADDR (.bss_CCMRAM)
                0x08000418        0x4 LONG 0x10000000 (ADDR (.bss_CCMRAM) + SIZEOF (.bss_CCMRAM))
                0x0800041c                __bss_regions_array_end = .
 *(.init)
 *(.fini)
                0x0800041c                . = ALIGN (0x4)
                0x0800041c                PROVIDE (__preinit_array_start, .)
 *(.preinit_array_sysinit .preinit_array_sysinit.*)
 *(.preinit_array_platform .preinit_array_platform.*)
 *(.preinit_array .preinit_array.*)
                0x0800041c                PROVIDE (__preinit_array_end, .)
                0x0800041c                . = ALIGN (0x4)
                0x0800041c                PROVIDE (__init_array_start, .)
 *(SORT_BY_NAME(.init_array.*))
 *(.init_array)
                0x0800041c                PROVIDE (__init_array_end, .)
                0x0800041c                . = ALIGN (0x4)
                0x0800041c                PROVIDE (__fini_array_start, .)
 *(SORT_BY_NAME(.fini_array.*))
 *(.fini_array)
                0x0800041c                PROVIDE (__fini_array_end, .)

.flashtext
 *(.flashtext .flashtext.*)

.text           0x08000420     0x2793
 *(.text .text.*)
 .text.HAL_InitTick
                0x08000420       0x2c ./system/src/stm32f4-hal/stm32f4xx_hal.o
                0x08000420                HAL_InitTick
 .text.HAL_Init
                0x0800044c       0x34 ./system/src/stm32f4-hal/stm32f4xx_hal.o
                0x0800044c                HAL_Init
 .text.HAL_GetTick
                0x08000480        0xc ./system/src/stm32f4-hal/stm32f4xx_hal.o
                0x08000480                HAL_GetTick
 .text.HAL_NVIC_SetPriorityGrouping
                0x0800048c       0x3c ./system/src/stm32f4-hal/stm32f4xx_hal_cortex.o
                0x0800048c                HAL_NVIC_SetPriorityGrouping
 .text.HAL_NVIC_SetPriority
                0x080004c8       0x8c ./system/src/stm32f4-hal/stm32f4xx_hal_cortex.o
                0x080004c8                HAL_NVIC_SetPriority
 .text.HAL_SYSTICK_Config
                0x08000554       0x2c ./system/src/stm32f4-hal/stm32f4xx_hal_cortex.o
                0x08000554                HAL_SYSTICK_Config
 .text.HAL_SYSTICK_CLKSourceConfig
                0x08000580       0x3c ./system/src/stm32f4-hal/stm32f4xx_hal_cortex.o
                0x08000580                HAL_SYSTICK_CLKSourceConfig
 .text.HAL_RCC_OscConfig
                0x080005bc      0x43c ./system/src/stm32f4-hal/stm32f4xx_hal_rcc.o
                0x080005bc                HAL_RCC_OscConfig
 .text.HAL_RCC_GetSysClockFreq
                0x080009f8       0x94 ./system/src/stm32f4-hal/stm32f4xx_hal_rcc.o
                0x080009f8                HAL_RCC_GetSysClockFreq
 .text.HAL_RCC_ClockConfig
                0x08000a8c      0x258 ./system/src/stm32f4-hal/stm32f4xx_hal_rcc.o
                0x08000a8c                HAL_RCC_ClockConfig
 .text.HAL_RCC_GetHCLKFreq
                0x08000ce4        0xc ./system/src/stm32f4-hal/stm32f4xx_hal_rcc.o
                0x08000ce4                HAL_RCC_GetHCLKFreq
 .text._exit    0x08000cf0        0x2 ./system/src/newlib/_exit.o
                0x08000cf0                _exit
 *fill*         0x08000cf2        0x2 
 .text.abort    0x08000cf4       0x14 ./system/src/newlib/_exit.o
                0x08000cf4                abort
 .text._sbrk    0x08000d08       0x44 ./system/src/newlib/_sbrk.o
                0x08000d08                _sbrk
 .text.__initialize_args
                0x08000d4c       0x10 ./system/src/newlib/_syscalls.o
                0x08000d4c                __initialize_args
 .text.assert_failed
                0x08000d5c       0x14 ./system/src/newlib/assert.o
                0x08000d5c                assert_failed
 .text.trace_printf
                0x08000d70       0x30 ./system/src/diag/Trace.o
                0x08000d70                trace_printf
 .text.trace_puts
                0x08000da0       0x20 ./system/src/diag/Trace.o
                0x08000da0                trace_puts
 .text._trace_write_semihosting_debug
                0x08000dc0       0x60 ./system/src/diag/trace_impl.o
 .text.trace_write
                0x08000e20        0x8 ./system/src/diag/trace_impl.o
                0x08000e20                trace_write
 .text.__initialize_hardware_early
                0x08000e28       0x18 ./system/src/cortexm/_initialize_hardware.o
                0x08000e28                __initialize_hardware_early
 .text.dumpExceptionStack
                0x08000e40       0xf4 ./system/src/cortexm/exception_handlers.o
                0x08000e40                dumpExceptionStack
 .text.isSemihosting
                0x08000f34       0x20 ./system/src/cortexm/exception_handlers.o
                0x08000f34                isSemihosting
 .text.SystemInit
                0x08000f54       0x40 ./system/src/cmsis/system_stm32f4xx.o
                0x08000f54                SystemInit
 .text.SystemCoreClockUpdate
                0x08000f94       0xa0 ./system/src/cmsis/system_stm32f4xx.o
                0x08000f94                SystemCoreClockUpdate
 .text.Ascii_u8ToHex
                0x08001034       0x14 ./src/AHEXAPARSING_Program.o
 .text.Hexa_voidParseData
                0x08001048       0xc4 ./src/AHEXAPARSING_Program.o
                0x08001048                Hexa_voidParseData
 .text.Hexa_voidParseRecord
                0x0800110c       0x1c ./src/AHEXAPARSING_Program.o
                0x0800110c                Hexa_voidParseRecord
 .text.Delay_MS
                0x08001128       0x62 ./src/ARM_Delay.o
                0x08001128                Delay_MS
 *fill*         0x0800118a        0x2 
 .text.ESP8266_VidClearBuffer
                0x0800118c       0x20 ./src/ESP8266_PROG.o
                0x0800118c                ESP8266_VidClearBuffer
 .text.ESP8266_VidInit
                0x080011ac       0x54 ./src/ESP8266_PROG.o
                0x080011ac                ESP8266_VidInit
 .text.ESP8266_VidConnectToWiFi
                0x08001200       0x40 ./src/ESP8266_PROG.o
                0x08001200                ESP8266_VidConnectToWiFi
 .text.ESP8266_VidConnectToSrvTcp
                0x08001240       0x38 ./src/ESP8266_PROG.o
                0x08001240                ESP8266_VidConnectToSrvTcp
 .text.ESP8266_u8ReceiveHttpReq
                0x08001278       0x70 ./src/ESP8266_PROG.o
                0x08001278                ESP8266_u8ReceiveHttpReq
 .text.ESP8266_u8ReceiveHttpReqVersion
                0x080012e8       0xb4 ./src/ESP8266_PROG.o
                0x080012e8                ESP8266_u8ReceiveHttpReqVersion
 .text.DMA2_Stream0_IRQHandler
                0x0800139c       0x10 ./src/MDMA_Program.o
                0x0800139c                DMA2_Stream0_IRQHandler
 .text.EXTI0_IRQHandler
                0x080013ac       0x20 ./src/MEXTI_Program.o
                0x080013ac                EXTI0_IRQHandler
 .text.EXTI1_IRQHandler
                0x080013cc       0x20 ./src/MEXTI_Program.o
                0x080013cc                EXTI1_IRQHandler
 .text.EXTI2_IRQHandler
                0x080013ec       0x20 ./src/MEXTI_Program.o
                0x080013ec                EXTI2_IRQHandler
 .text.EXTI3_IRQHandler
                0x0800140c       0x20 ./src/MEXTI_Program.o
                0x0800140c                EXTI3_IRQHandler
 .text.EXTI4_IRQHandler
                0x0800142c       0x20 ./src/MEXTI_Program.o
                0x0800142c                EXTI4_IRQHandler
 .text.EXTI9_5_IRQHandler
                0x0800144c       0x20 ./src/MEXTI_Program.o
                0x0800144c                EXTI9_5_IRQHandler
 .text.EXTI15_10_IRQHandler
                0x0800146c       0x20 ./src/MEXTI_Program.o
                0x0800146c                EXTI15_10_IRQHandler
 .text.MFDI_voidEraseSector
                0x0800148c       0x78 ./src/MFDI_Program.o
                0x0800148c                MFDI_voidEraseSector
 .text.MFDI_voidEraseAppSector
                0x08001504       0x16 ./src/MFDI_Program.o
                0x08001504                MFDI_voidEraseAppSector
 *fill*         0x0800151a        0x2 
 .text.MFDI_voidWrite
                0x0800151c       0x7c ./src/MFDI_Program.o
                0x0800151c                MFDI_voidWrite
 .text.MGPIO_voidSetPinMode
                0x08001598       0x8c ./src/MGPIO_Program.o
                0x08001598                MGPIO_voidSetPinMode
 .text.MGPIO_voidSetPinOutputMode
                0x08001624       0xc8 ./src/MGPIO_Program.o
                0x08001624                MGPIO_voidSetPinOutputMode
 .text.MGPIO_voidSetAF
                0x080016ec       0x50 ./src/MGPIO_Program.o
                0x080016ec                MGPIO_voidSetAF
 .text.MGPIO_voidSetPinValue
                0x0800173c       0xa8 ./src/MGPIO_Program.o
                0x0800173c                MGPIO_voidSetPinValue
 .text.MNVIC_voidEnablePeripheralInterrupt
                0x080017e4       0x24 ./src/MNVIC_Program.o
                0x080017e4                MNVIC_voidEnablePeripheralInterrupt
 .text.MRCC_voidInit
                0x08001808       0x30 ./src/MRCC_Program.o
                0x08001808                MRCC_voidInit
 .text.MRCC_voidEnablePeripheral
                0x08001838       0x6c ./src/MRCC_Program.o
                0x08001838                MRCC_voidEnablePeripheral
 .text.SPI1_IRQHandler
                0x080018a4       0x58 ./src/MSPI_Program.o
                0x080018a4                SPI1_IRQHandler
 .text.SPI2_IRQHandler
                0x080018fc       0x58 ./src/MSPI_Program.o
                0x080018fc                SPI2_IRQHandler
 .text.SPI3_IRQHandler
                0x08001954       0x58 ./src/MSPI_Program.o
                0x08001954                SPI3_IRQHandler
 .text.SysTick_Handler
                0x080019ac       0x44 ./src/MSYSTICK_Program.o
                0x080019ac                SysTick_Handler
 .text.MUSART_VidInit
                0x080019f0       0x50 ./src/USART_PROG.o
                0x080019f0                MUSART_VidInit
 .text.MUSART1_VidSendCharSync
                0x08001a40       0x20 ./src/USART_PROG.o
                0x08001a40                MUSART1_VidSendCharSync
 .text.MUSART1_VidSendStringSynch
                0x08001a60       0x18 ./src/USART_PROG.o
                0x08001a60                MUSART1_VidSendStringSynch
 .text.MUSART1_VidClearFlags
                0x08001a78        0xc ./src/USART_PROG.o
                0x08001a78                MUSART1_VidClearFlags
 .text.MUSART1_u8ReadDataRegister
                0x08001a84        0xc ./src/USART_PROG.o
                0x08001a84                MUSART1_u8ReadDataRegister
 .text.MUSART1_VidSetCallBack
                0x08001a90        0xc ./src/USART_PROG.o
                0x08001a90                MUSART1_VidSetCallBack
 .text.USART1_IRQHandler
                0x08001a9c       0x10 ./src/USART_PROG.o
                0x08001a9c                USART1_IRQHandler
 .text.SystemClock_Config
                0x08001aac       0x98 ./src/_initialize_hardware.o
                0x08001aac                SystemClock_Config
 .text.__initialize_hardware
                0x08001b44       0x10 ./src/_initialize_hardware.o
                0x08001b44                __initialize_hardware
 .text.MUSART_CallBack
                0x08001b54      0x1b8 ./src/main.o
                0x08001b54                MUSART_CallBack
 .text.App_voidToBurn
                0x08001d0c       0x38 ./src/main.o
                0x08001d0c                App_voidToBurn
 .text.Fota_CheckForUpdate
                0x08001d44       0x64 ./src/main.o
                0x08001d44                Fota_CheckForUpdate
 .text.Fota_Update
                0x08001da8       0xcc ./src/main.o
                0x08001da8                Fota_Update
 .text.main     0x08001e74       0xf4 ./src/main.o
                0x08001e74                main
 .text.HAL_MspInit
                0x08001f68        0x2 ./src/stm32f4xx_hal_msp.o
                0x08001f68                HAL_MspInit
 *fill*         0x08001f6a        0x2 
 .text.__errno  0x08001f6c        0xc d:/imt/tools/01- imt sdk/imt_sdk_win_64/winarm/armgcc/bin/../lib/gcc/arm-none-eabi/7.2.1/../../../../arm-none-eabi/lib/thumb/v7e-m\libg_nano.a(lib_a-errno.o)
                0x08001f6c                __errno
 .text          0x08001f78       0x10 d:/imt/tools/01- imt sdk/imt_sdk_win_64/winarm/armgcc/bin/../lib/gcc/arm-none-eabi/7.2.1/../../../../arm-none-eabi/lib/thumb/v7e-m\libg_nano.a(lib_a-strlen.o)
                0x08001f78                strlen
 .text._vsnprintf_r
                0x08001f88       0x58 d:/imt/tools/01- imt sdk/imt_sdk_win_64/winarm/armgcc/bin/../lib/gcc/arm-none-eabi/7.2.1/../../../../arm-none-eabi/lib/thumb/v7e-m\libg_nano.a(lib_a-vsnprintf.o)
                0x08001f88                _vsniprintf_r
                0x08001f88                _vsnprintf_r
 .text.vsnprintf
                0x08001fe0       0x1c d:/imt/tools/01- imt sdk/imt_sdk_win_64/winarm/armgcc/bin/../lib/gcc/arm-none-eabi/7.2.1/../../../../arm-none-eabi/lib/thumb/v7e-m\libg_nano.a(lib_a-vsnprintf.o)
                0x08001fe0                vsniprintf
                0x08001fe0                vsnprintf
 .text.__ssputs_r
                0x08001ffc       0xb4 d:/imt/tools/01- imt sdk/imt_sdk_win_64/winarm/armgcc/bin/../lib/gcc/arm-none-eabi/7.2.1/../../../../arm-none-eabi/lib/thumb/v7e-m\libg_nano.a(lib_a-nano-svfprintf.o)
                0x08001ffc                __ssputs_r
 .text._svfprintf_r
                0x080020b0      0x1ec d:/imt/tools/01- imt sdk/imt_sdk_win_64/winarm/armgcc/bin/../lib/gcc/arm-none-eabi/7.2.1/../../../../arm-none-eabi/lib/thumb/v7e-m\libg_nano.a(lib_a-nano-svfprintf.o)
                0x080020b0                _svfiprintf_r
                0x080020b0                _svfprintf_r
 .text._printf_common
                0x0800229c       0xea d:/imt/tools/01- imt sdk/imt_sdk_win_64/winarm/armgcc/bin/../lib/gcc/arm-none-eabi/7.2.1/../../../../arm-none-eabi/lib/thumb/v7e-m\libg_nano.a(lib_a-nano-vfprintf_i.o)
                0x0800229c                _printf_common
 *fill*         0x08002386        0x2 
 .text._printf_i
                0x08002388      0x224 d:/imt/tools/01- imt sdk/imt_sdk_win_64/winarm/armgcc/bin/../lib/gcc/arm-none-eabi/7.2.1/../../../../arm-none-eabi/lib/thumb/v7e-m\libg_nano.a(lib_a-nano-vfprintf_i.o)
                0x08002388                _printf_i
 *fill*         0x080025ac        0x4 
 .text          0x080025b0       0xa0 d:/imt/tools/01- imt sdk/imt_sdk_win_64/winarm/armgcc/bin/../lib/gcc/arm-none-eabi/7.2.1/../../../../arm-none-eabi/lib/thumb/v7e-m\libg_nano.a(lib_a-memchr.o)
                0x080025b0                memchr
 .text.memcpy   0x08002650       0x16 d:/imt/tools/01- imt sdk/imt_sdk_win_64/winarm/armgcc/bin/../lib/gcc/arm-none-eabi/7.2.1/../../../../arm-none-eabi/lib/thumb/v7e-m\libg_nano.a(lib_a-memcpy-stub.o)
                0x08002650                memcpy
 .text.memmove  0x08002666       0x32 d:/imt/tools/01- imt sdk/imt_sdk_win_64/winarm/armgcc/bin/../lib/gcc/arm-none-eabi/7.2.1/../../../../arm-none-eabi/lib/thumb/v7e-m\libg_nano.a(lib_a-memmove.o)
                0x08002666                memmove
 .text._free_r  0x08002698       0x9c d:/imt/tools/01- imt sdk/imt_sdk_win_64/winarm/armgcc/bin/../lib/gcc/arm-none-eabi/7.2.1/../../../../arm-none-eabi/lib/thumb/v7e-m\libg_nano.a(lib_a-nano-freer.o)
                0x08002698                _free_r
 .text._malloc_r
                0x08002734       0xb4 d:/imt/tools/01- imt sdk/imt_sdk_win_64/winarm/armgcc/bin/../lib/gcc/arm-none-eabi/7.2.1/../../../../arm-none-eabi/lib/thumb/v7e-m\libg_nano.a(lib_a-nano-mallocr.o)
                0x08002734                _malloc_r
 .text._realloc_r
                0x080027e8       0x4c d:/imt/tools/01- imt sdk/imt_sdk_win_64/winarm/armgcc/bin/../lib/gcc/arm-none-eabi/7.2.1/../../../../arm-none-eabi/lib/thumb/v7e-m\libg_nano.a(lib_a-nano-reallocr.o)
                0x080027e8                _realloc_r
 .text._sbrk_r  0x08002834       0x20 d:/imt/tools/01- imt sdk/imt_sdk_win_64/winarm/armgcc/bin/../lib/gcc/arm-none-eabi/7.2.1/../../../../arm-none-eabi/lib/thumb/v7e-m\libg_nano.a(lib_a-sbrkr.o)
                0x08002834                _sbrk_r
 .text.__malloc_lock
                0x08002854        0x2 d:/imt/tools/01- imt sdk/imt_sdk_win_64/winarm/armgcc/bin/../lib/gcc/arm-none-eabi/7.2.1/../../../../arm-none-eabi/lib/thumb/v7e-m\libg_nano.a(lib_a-mlock.o)
                0x08002854                __malloc_lock
 .text.__malloc_unlock
                0x08002856        0x2 d:/imt/tools/01- imt sdk/imt_sdk_win_64/winarm/armgcc/bin/../lib/gcc/arm-none-eabi/7.2.1/../../../../arm-none-eabi/lib/thumb/v7e-m\libg_nano.a(lib_a-mlock.o)
                0x08002856                __malloc_unlock
 .text._malloc_usable_size_r
                0x08002858       0x10 d:/imt/tools/01- imt sdk/imt_sdk_win_64/winarm/armgcc/bin/../lib/gcc/arm-none-eabi/7.2.1/../../../../arm-none-eabi/lib/thumb/v7e-m\libg_nano.a(lib_a-nano-msizer.o)
                0x08002858                _malloc_usable_size_r
 *(.rodata .rodata.* .constdata .constdata.*)
 .rodata.HAL_NVIC_SetPriorityGrouping.str1.4
                0x08002868       0x31 ./system/src/stm32f4-hal/stm32f4xx_hal_cortex.o
 *fill*         0x08002899        0x3 
 .rodata.APBAHBPrescTable
                0x0800289c       0x10 ./system/src/stm32f4-hal/stm32f4xx_hal_rcc.o
                0x0800289c                APBAHBPrescTable
 .rodata.HAL_RCC_OscConfig.str1.4
                0x080028ac       0x2e ./system/src/stm32f4-hal/stm32f4xx_hal_rcc.o
 *fill*         0x080028da        0x2 
 .rodata.abort.str1.4
                0x080028dc       0x14 ./system/src/newlib/_exit.o
 .rodata.assert_failed.str1.4
                0x080028f0       0x2b ./system/src/newlib/assert.o
 .rodata.trace_puts.str1.4
                0x0800291b       0x2b ./system/src/diag/Trace.o
                                  0x2 (size before relaxing)
 *fill*         0x0800291b        0x1 
 .rodata.dumpExceptionStack.str1.4
                0x0800291c      0x11a ./system/src/cortexm/exception_handlers.o
 *fill*         0x08002a36        0x2 
 .rodata.str1.4
                0x08002a38       0x2a ./system/src/cortexm/exception_handlers.o
 *fill*         0x08002a62        0x2 
 .rodata.AHBPrescTable
                0x08002a64       0x10 ./system/src/cmsis/system_stm32f4xx.o
                0x08002a64                AHBPrescTable
 .rodata.ESP8266_VidConnectToSrvTcp.str1.4
                0x08002a74       0x17 ./src/ESP8266_PROG.o
                                 0x1b (size before relaxing)
 *fill*         0x08002a8b        0x1 
 .rodata.ESP8266_VidConnectToWiFi.str1.4
                0x08002a8c       0x10 ./src/ESP8266_PROG.o
                                 0x14 (size before relaxing)
 .rodata.ESP8266_VidInit.str1.4
                0x08002a9c       0x2f ./src/ESP8266_PROG.o
 *fill*         0x08002acb        0x1 
 .rodata.ESP8266_VidSendHttpReq.str1.4
                0x08002acc       0x2d ./src/ESP8266_PROG.o
 *fill*         0x08002af9        0x3 
 .rodata.ESP8266_u8ReceiveHttpReq.str1.4
                0x08002afc       0x1f ./src/ESP8266_PROG.o
 *fill*         0x08002b1b        0x1 
 .rodata.Fota_CheckForUpdate.str1.4
                0x08002b1c       0x2b ./src/main.o
                                 0x3f (size before relaxing)
 *fill*         0x08002b47        0x1 
 .rodata.Fota_Update.str1.4
                0x08002b48       0x15 ./src/main.o
 *fill*         0x08002b5d        0x3 
 .rodata.main.str1.4
                0x08002b60       0x20 ./src/main.o
 .rodata._svfprintf_r.str1.1
                0x08002b80       0x11 d:/imt/tools/01- imt sdk/imt_sdk_win_64/winarm/armgcc/bin/../lib/gcc/arm-none-eabi/7.2.1/../../../../arm-none-eabi/lib/thumb/v7e-m\libg_nano.a(lib_a-nano-svfprintf.o)
 .rodata._printf_i.str1.1
                0x08002b91       0x22 d:/imt/tools/01- imt sdk/imt_sdk_win_64/winarm/armgcc/bin/../lib/gcc/arm-none-eabi/7.2.1/../../../../arm-none-eabi/lib/thumb/v7e-m\libg_nano.a(lib_a-nano-vfprintf_i.o)
 *(vtable)
 *(.eh_frame*)
 *(.glue_7)
 .glue_7        0x08002bb3        0x0 linker stubs
 *(.glue_7t)
 .glue_7t       0x08002bb3        0x0 linker stubs

.vfp11_veneer   0x08002bb4        0x0
 .vfp11_veneer  0x08002bb4        0x0 linker stubs

.v4_bx          0x08002bb4        0x0
 .v4_bx         0x08002bb4        0x0 linker stubs

.iplt           0x08002bb4        0x0
 .iplt          0x08002bb4        0x0 ./system/src/stm32f4-hal/stm32f4xx_hal.o

.rel.dyn        0x08002bb4        0x0
 .rel.iplt      0x08002bb4        0x0 ./system/src/stm32f4-hal/stm32f4xx_hal.o

.ARM.extab
 *(.ARM.extab* .gnu.linkonce.armextab.*)
                0x08002bb4                . = ALIGN (0x4)
                0x08002bb4                __exidx_start = .

.ARM.exidx
 *(.ARM.exidx* .gnu.linkonce.armexidx.*)
                0x08002bb4                __exidx_end = .
                0x08002bb4                . = ALIGN (0x4)
                0x08002bb4                _etext = .
                0x08002bb4                __etext = .

.data_CCMRAM    0x10000000        0x0 load address 0x08002bb4
 FILL mask 0xff
 *(.data.CCMRAM .data.CCMRAM.*)
                0x10000000                . = ALIGN (0x4)
                0x08002bb4                _sidata = LOADADDR (.data)

.data           0x20000000       0x80 load address 0x08002bb4
 FILL mask 0xff
                0x20000000                _sdata = .
                0x20000000                __data_start__ = .
 *(.data_begin .data_begin.*)
 .data_begin    0x20000000        0x4 ./system/src/newlib/_startup.o
 *(.data .data.*)
 .data.argv.4310
                0x20000004        0x8 ./system/src/newlib/_syscalls.o
 .data.SystemCoreClock
                0x2000000c        0x4 ./system/src/cmsis/system_stm32f4xx.o
                0x2000000c                SystemCoreClock
 .data.Global_u32FullAddress
                0x20000010        0x4 ./src/AHEXAPARSING_Program.o
                0x20000010                Global_u32FullAddress
 .data.u8WriteReq
                0x20000014        0x1 ./src/main.o
                0x20000014                u8WriteReq
 *fill*         0x20000015        0x3 ff
 .data._impure_ptr
                0x20000018        0x4 d:/imt/tools/01- imt sdk/imt_sdk_win_64/winarm/armgcc/bin/../lib/gcc/arm-none-eabi/7.2.1/../../../../arm-none-eabi/lib/thumb/v7e-m\libg_nano.a(lib_a-impure.o)
                0x20000018                _impure_ptr
 .data.impure_data
                0x2000001c       0x60 d:/imt/tools/01- imt sdk/imt_sdk_win_64/winarm/armgcc/bin/../lib/gcc/arm-none-eabi/7.2.1/../../../../arm-none-eabi/lib/thumb/v7e-m\libg_nano.a(lib_a-impure.o)
 *(.data_end .data_end.*)
 .data_end      0x2000007c        0x4 ./system/src/newlib/_startup.o
                0x20000080                . = ALIGN (0x4)
                0x20000080                _edata = .
                0x20000080                __data_end__ = .

.igot.plt       0x20000080        0x0 load address 0x08002c34
 .igot.plt      0x20000080        0x0 ./system/src/stm32f4-hal/stm32f4xx_hal.o

.bss_CCMRAM     0x10000000        0x0
 *(.bss.CCMRAM .bss.CCMRAM.*)

.bss            0x20000080      0x2c8
                0x20000080                __bss_start__ = .
                0x20000080                _sbss = .
 *(.bss_begin .bss_begin.*)
 .bss_begin     0x20000080        0x4 ./system/src/newlib/_startup.o
 *(.bss .bss.*)
 .bss.current_heap_end.3961
                0x20000084        0x4 ./system/src/newlib/_sbrk.o
 .bss.name.4309
                0x20000088        0x1 ./system/src/newlib/_syscalls.o
 *fill*         0x20000089        0x3 
 .bss.buf.5205  0x2000008c       0x80 ./system/src/diag/Trace.o
 .bss.GettingVersion
                0x2000010c        0x1 ./src/ESP8266_PROG.o
                0x2000010c                GettingVersion
 .bss.HexFileReceiveStarted
                0x2000010d        0x1 ./src/ESP8266_PROG.o
                0x2000010d                HexFileReceiveStarted
 .bss.Iterator  0x2000010e        0x1 ./src/ESP8266_PROG.o
                0x2000010e                Iterator
 *fill*         0x2000010f        0x1 
 .bss.DMA_ptr   0x20000110       0x20 ./src/MDMA_Program.o
 .bss.MEXTI_callBack
                0x20000130       0x40 ./src/MEXTI_Program.o
 .bss.SPI_pu8RData
                0x20000170        0x4 ./src/MSPI_Program.o
 .bss.SPI_pu8TData
                0x20000174        0x4 ./src/MSPI_Program.o
 .bss.SPI_u8BufferSize
                0x20000178        0x1 ./src/MSPI_Program.o
 .bss.SPI_u8Index
                0x20000179        0x1 ./src/MSPI_Program.o
 .bss.SPI_u8State
                0x2000017a        0x1 ./src/MSPI_Program.o
 .bss.Global_u8StateFlag
                0x2000017b        0x1 ./src/MSYSTICK_Program.o
 .bss.MSYSTICK_callBack
                0x2000017c        0x4 ./src/MSYSTICK_Program.o
 .bss.Add_to_Called
                0x20000180        0x4 ./src/main.o
                0x20000180                Add_to_Called
 .bss.CheckRecord.3816
                0x20000184        0x1 ./src/main.o
 .bss.Glob_u8EndOfFile
                0x20000185        0x1 ./src/main.o
                0x20000185                Glob_u8EndOfFile
 .bss.IPDFlag.3815
                0x20000186        0x1 ./src/main.o
 *fill*         0x20000187        0x1 
 .bss.Online_Version
                0x20000188        0x2 ./src/main.o
                0x20000188                Online_Version
 .bss.RecordReady
                0x2000018a        0x1 ./src/main.o
                0x2000018a                RecordReady
 .bss.UpdateVersion
                0x2000018b        0x1 ./src/main.o
                0x2000018b                UpdateVersion
 .bss.__malloc_free_list
                0x2000018c        0x4 d:/imt/tools/01- imt sdk/imt_sdk_win_64/winarm/armgcc/bin/../lib/gcc/arm-none-eabi/7.2.1/../../../../arm-none-eabi/lib/thumb/v7e-m\libg_nano.a(lib_a-nano-mallocr.o)
                0x2000018c                __malloc_free_list
 .bss.__malloc_sbrk_start
                0x20000190        0x4 d:/imt/tools/01- imt sdk/imt_sdk_win_64/winarm/armgcc/bin/../lib/gcc/arm-none-eabi/7.2.1/../../../../arm-none-eabi/lib/thumb/v7e-m\libg_nano.a(lib_a-nano-mallocr.o)
                0x20000190                __malloc_sbrk_start
 *(COMMON)
 COMMON         0x20000194        0x4 ./system/src/stm32f4-hal/stm32f4xx_hal.o
                0x20000194                uwTick
 COMMON         0x20000198        0x4 ./system/src/newlib/_syscalls.o
                0x20000198                errno
 COMMON         0x2000019c       0xc8 ./src/AHEXAPARSING_Program.o
                0x2000019c                Global_u16DataBuffer
 COMMON         0x20000264       0xc8 ./src/ESP8266_PROG.o
                0x20000264                DataCome
 COMMON         0x2000032c       0x18 ./src/USART_PROG.o
                0x2000032c                String
                0x20000340                MUSART1_CallBack
 *(.bss_end .bss_end.*)
 .bss_end       0x20000344        0x4 ./system/src/newlib/_startup.o
                0x20000348                . = ALIGN (0x4)
                0x20000348                __bss_end__ = .
                0x20000348                _ebss = .

.noinit_CCMRAM
 *(.noinit.CCMRAM .noinit.CCMRAM.*)

.noinit         0x20000348        0x0
                0x20000348                _noinit = .
 *(.noinit .noinit.*)
                0x20000348                . = ALIGN (0x4)
                0x20000348                _end_noinit = .
                [!provide]                PROVIDE (end, _end_noinit)
                [!provide]                PROVIDE (_end, _end_noinit)
                [!provide]                PROVIDE (__end, _end_noinit)
                [!provide]                PROVIDE (__end__, _end_noinit)

._check_stack   0x20000348      0x100
                0x20000448                . = (. + _Minimum_Stack_Size)
 *fill*         0x20000348      0x100 

.b1text
 *(.b1text)
 *(.b1rodata)
 *(.b1rodata.*)

.eb0text
 *(.eb0text)
 *(.eb0rodata)
 *(.eb0rodata.*)

.eb1text
 *(.eb1text)
 *(.eb1rodata)
 *(.eb1rodata.*)

.eb2text
 *(.eb2text)
 *(.eb2rodata)
 *(.eb2rodata.*)

.eb3text
 *(.eb3text)
 *(.eb3rodata)
 *(.eb3rodata.*)

.stab
 *(.stab)

.stabstr
 *(.stabstr)

.stab.excl
 *(.stab.excl)

.stab.exclstr
 *(.stab.exclstr)

.stab.index
 *(.stab.index)

.stab.indexstr
 *(.stab.indexstr)

.comment        0x00000000       0x7e
 *(.comment)
 .comment       0x00000000       0x7e ./system/src/stm32f4-hal/stm32f4xx_hal.o
                                 0x7f (size before relaxing)
 .comment       0x0000007e       0x7f ./system/src/stm32f4-hal/stm32f4xx_hal_cortex.o
 .comment       0x0000007e       0x7f ./system/src/stm32f4-hal/stm32f4xx_hal_rcc.o
 .comment       0x0000007e       0x7f ./system/src/newlib/_exit.o
 .comment       0x0000007e       0x7f ./system/src/newlib/_sbrk.o
 .comment       0x0000007e       0x7f ./system/src/newlib/_startup.o
 .comment       0x0000007e       0x7f ./system/src/newlib/_syscalls.o
 .comment       0x0000007e       0x7f ./system/src/newlib/assert.o
 .comment       0x0000007e       0x7f ./system/src/diag/Trace.o
 .comment       0x0000007e       0x7f ./system/src/diag/trace_impl.o
 .comment       0x0000007e       0x7f ./system/src/cortexm/_initialize_hardware.o
 .comment       0x0000007e       0x7f ./system/src/cortexm/exception_handlers.o
 .comment       0x0000007e       0x7f ./system/src/cmsis/system_stm32f4xx.o
 .comment       0x0000007e       0x7f ./system/src/cmsis/vectors_stm32f401xc.o
 .comment       0x0000007e       0x7f ./src/AHEXAPARSING_Program.o
 .comment       0x0000007e       0x7f ./src/ARM_Delay.o
 .comment       0x0000007e       0x7f ./src/ESP8266_PROG.o
 .comment       0x0000007e       0x7f ./src/MDMA_Program.o
 .comment       0x0000007e       0x7f ./src/MEXTI_Program.o
 .comment       0x0000007e       0x7f ./src/MFDI_Program.o
 .comment       0x0000007e       0x7f ./src/MGPIO_Program.o
 .comment       0x0000007e       0x7f ./src/MNVIC_Program.o
 .comment       0x0000007e       0x7f ./src/MRCC_Program.o
 .comment       0x0000007e       0x7f ./src/MSPI_Program.o
 .comment       0x0000007e       0x7f ./src/MSYSTICK_Program.o
 .comment       0x0000007e       0x7f ./src/USART_PROG.o
 .comment       0x0000007e       0x7f ./src/_initialize_hardware.o
 .comment       0x0000007e       0x7f ./src/main.o
 .comment       0x0000007e       0x7f ./src/stm32f4xx_hal_msp.o

.ARM.attributes
                0x00000000       0x31
 .ARM.attributes
                0x00000000       0x33 ./system/src/stm32f4-hal/stm32f4xx_hal.o
 .ARM.attributes
                0x00000033       0x33 ./system/src/stm32f4-hal/stm32f4xx_hal_cortex.o
 .ARM.attributes
                0x00000066       0x33 ./system/src/stm32f4-hal/stm32f4xx_hal_rcc.o
 .ARM.attributes
                0x00000099       0x33 ./system/src/newlib/_exit.o
 .ARM.attributes
                0x000000cc       0x33 ./system/src/newlib/_sbrk.o
 .ARM.attributes
                0x000000ff       0x33 ./system/src/newlib/_startup.o
 .ARM.attributes
                0x00000132       0x33 ./system/src/newlib/_syscalls.o
 .ARM.attributes
                0x00000165       0x33 ./system/src/newlib/assert.o
 .ARM.attributes
                0x00000198       0x33 ./system/src/diag/Trace.o
 .ARM.attributes
                0x000001cb       0x33 ./system/src/diag/trace_impl.o
 .ARM.attributes
                0x000001fe       0x33 ./system/src/cortexm/_initialize_hardware.o
 .ARM.attributes
                0x00000231       0x33 ./system/src/cortexm/exception_handlers.o
 .ARM.attributes
                0x00000264       0x33 ./system/src/cmsis/system_stm32f4xx.o
 .ARM.attributes
                0x00000297       0x33 ./system/src/cmsis/vectors_stm32f401xc.o
 .ARM.attributes
                0x000002ca       0x33 ./src/AHEXAPARSING_Program.o
 .ARM.attributes
                0x000002fd       0x33 ./src/ARM_Delay.o
 .ARM.attributes
                0x00000330       0x33 ./src/ESP8266_PROG.o
 .ARM.attributes
                0x00000363       0x33 ./src/MDMA_Program.o
 .ARM.attributes
                0x00000396       0x33 ./src/MEXTI_Program.o
 .ARM.attributes
                0x000003c9       0x33 ./src/MFDI_Program.o
 .ARM.attributes
                0x000003fc       0x33 ./src/MGPIO_Program.o
 .ARM.attributes
                0x0000042f       0x33 ./src/MNVIC_Program.o
 .ARM.attributes
                0x00000462       0x33 ./src/MRCC_Program.o
 .ARM.attributes
                0x00000495       0x33 ./src/MSPI_Program.o
 .ARM.attributes
                0x000004c8       0x33 ./src/MSYSTICK_Program.o
 .ARM.attributes
                0x000004fb       0x33 ./src/USART_PROG.o
 .ARM.attributes
                0x0000052e       0x33 ./src/_initialize_hardware.o
 .ARM.attributes
                0x00000561       0x33 ./src/main.o
 .ARM.attributes
                0x00000594       0x33 ./src/stm32f4xx_hal_msp.o
 .ARM.attributes
                0x000005c7       0x2e d:/imt/tools/01- imt sdk/imt_sdk_win_64/winarm/armgcc/bin/../lib/gcc/arm-none-eabi/7.2.1/../../../../arm-none-eabi/lib/thumb/v7e-m\libg_nano.a(lib_a-errno.o)
 .ARM.attributes
                0x000005f5       0x2e d:/imt/tools/01- imt sdk/imt_sdk_win_64/winarm/armgcc/bin/../lib/gcc/arm-none-eabi/7.2.1/../../../../arm-none-eabi/lib/thumb/v7e-m\libg_nano.a(lib_a-impure.o)
 .ARM.attributes
                0x00000623       0x17 d:/imt/tools/01- imt sdk/imt_sdk_win_64/winarm/armgcc/bin/../lib/gcc/arm-none-eabi/7.2.1/../../../../arm-none-eabi/lib/thumb/v7e-m\libg_nano.a(lib_a-strlen.o)
 .ARM.attributes
                0x0000063a       0x2e d:/imt/tools/01- imt sdk/imt_sdk_win_64/winarm/armgcc/bin/../lib/gcc/arm-none-eabi/7.2.1/../../../../arm-none-eabi/lib/thumb/v7e-m\libg_nano.a(lib_a-vsnprintf.o)
 .ARM.attributes
                0x00000668       0x2e d:/imt/tools/01- imt sdk/imt_sdk_win_64/winarm/armgcc/bin/../lib/gcc/arm-none-eabi/7.2.1/../../../../arm-none-eabi/lib/thumb/v7e-m\libg_nano.a(lib_a-nano-svfprintf.o)
 .ARM.attributes
                0x00000696       0x2e d:/imt/tools/01- imt sdk/imt_sdk_win_64/winarm/armgcc/bin/../lib/gcc/arm-none-eabi/7.2.1/../../../../arm-none-eabi/lib/thumb/v7e-m\libg_nano.a(lib_a-nano-vfprintf_i.o)
 .ARM.attributes
                0x000006c4       0x1c d:/imt/tools/01- imt sdk/imt_sdk_win_64/winarm/armgcc/bin/../lib/gcc/arm-none-eabi/7.2.1/../../../../arm-none-eabi/lib/thumb/v7e-m\libg_nano.a(lib_a-memchr.o)
 .ARM.attributes
                0x000006e0       0x2e d:/imt/tools/01- imt sdk/imt_sdk_win_64/winarm/armgcc/bin/../lib/gcc/arm-none-eabi/7.2.1/../../../../arm-none-eabi/lib/thumb/v7e-m\libg_nano.a(lib_a-memcpy-stub.o)
 .ARM.attributes
                0x0000070e       0x2e d:/imt/tools/01- imt sdk/imt_sdk_win_64/winarm/armgcc/bin/../lib/gcc/arm-none-eabi/7.2.1/../../../../arm-none-eabi/lib/thumb/v7e-m\libg_nano.a(lib_a-memmove.o)
 .ARM.attributes
                0x0000073c       0x2e d:/imt/tools/01- imt sdk/imt_sdk_win_64/winarm/armgcc/bin/../lib/gcc/arm-none-eabi/7.2.1/../../../../arm-none-eabi/lib/thumb/v7e-m\libg_nano.a(lib_a-nano-freer.o)
 .ARM.attributes
                0x0000076a       0x2e d:/imt/tools/01- imt sdk/imt_sdk_win_64/winarm/armgcc/bin/../lib/gcc/arm-none-eabi/7.2.1/../../../../arm-none-eabi/lib/thumb/v7e-m\libg_nano.a(lib_a-nano-mallocr.o)
 .ARM.attributes
                0x00000798       0x2e d:/imt/tools/01- imt sdk/imt_sdk_win_64/winarm/armgcc/bin/../lib/gcc/arm-none-eabi/7.2.1/../../../../arm-none-eabi/lib/thumb/v7e-m\libg_nano.a(lib_a-nano-reallocr.o)
 .ARM.attributes
                0x000007c6       0x2e d:/imt/tools/01- imt sdk/imt_sdk_win_64/winarm/armgcc/bin/../lib/gcc/arm-none-eabi/7.2.1/../../../../arm-none-eabi/lib/thumb/v7e-m\libg_nano.a(lib_a-sbrkr.o)
 .ARM.attributes
                0x000007f4       0x2e d:/imt/tools/01- imt sdk/imt_sdk_win_64/winarm/armgcc/bin/../lib/gcc/arm-none-eabi/7.2.1/../../../../arm-none-eabi/lib/thumb/v7e-m\libg_nano.a(lib_a-mlock.o)
 .ARM.attributes
                0x00000822       0x2e d:/imt/tools/01- imt sdk/imt_sdk_win_64/winarm/armgcc/bin/../lib/gcc/arm-none-eabi/7.2.1/../../../../arm-none-eabi/lib/thumb/v7e-m\libg_nano.a(lib_a-nano-msizer.o)

.debug
 *(.debug)

.line
 *(.line)

.debug_srcinfo
 *(.debug_srcinfo)

.debug_sfnames
 *(.debug_sfnames)

.debug_aranges  0x00000000      0x938
 *(.debug_aranges)
 .debug_aranges
                0x00000000       0xc0 ./system/src/stm32f4-hal/stm32f4xx_hal.o
 .debug_aranges
                0x000000c0       0x98 ./system/src/stm32f4-hal/stm32f4xx_hal_cortex.o
 .debug_aranges
                0x00000158       0x88 ./system/src/stm32f4-hal/stm32f4xx_hal_rcc.o
 .debug_aranges
                0x000001e0       0x28 ./system/src/newlib/_exit.o
 .debug_aranges
                0x00000208       0x20 ./system/src/newlib/_sbrk.o
 .debug_aranges
                0x00000228       0x40 ./system/src/newlib/_startup.o
 .debug_aranges
                0x00000268       0x30 ./system/src/newlib/_syscalls.o
 .debug_aranges
                0x00000298       0x28 ./system/src/newlib/assert.o
 .debug_aranges
                0x000002c0       0x38 ./system/src/diag/Trace.o
 .debug_aranges
                0x000002f8       0x30 ./system/src/diag/trace_impl.o
 .debug_aranges
                0x00000328       0x28 ./system/src/cortexm/_initialize_hardware.o
 .debug_aranges
                0x00000350       0x90 ./system/src/cortexm/exception_handlers.o
 .debug_aranges
                0x000003e0       0x28 ./system/src/cmsis/system_stm32f4xx.o
 .debug_aranges
                0x00000408       0x20 ./system/src/cmsis/vectors_stm32f401xc.o
 .debug_aranges
                0x00000428       0x30 ./src/AHEXAPARSING_Program.o
 .debug_aranges
                0x00000458       0x20 ./src/ARM_Delay.o
 .debug_aranges
                0x00000478       0x50 ./src/ESP8266_PROG.o
 .debug_aranges
                0x000004c8       0x40 ./src/MDMA_Program.o
 .debug_aranges
                0x00000508       0xd8 ./src/MEXTI_Program.o
 .debug_aranges
                0x000005e0       0x30 ./src/MFDI_Program.o
 .debug_aranges
                0x00000610       0x80 ./src/MGPIO_Program.o
 .debug_aranges
                0x00000690       0x50 ./src/MNVIC_Program.o
 .debug_aranges
                0x000006e0       0x50 ./src/MRCC_Program.o
 .debug_aranges
                0x00000730       0x50 ./src/MSPI_Program.o
 .debug_aranges
                0x00000780       0xb8 ./src/MSYSTICK_Program.o
 .debug_aranges
                0x00000838       0x60 ./src/USART_PROG.o
 .debug_aranges
                0x00000898       0x28 ./src/_initialize_hardware.o
 .debug_aranges
                0x000008c0       0x40 ./src/main.o
 .debug_aranges
                0x00000900       0x38 ./src/stm32f4xx_hal_msp.o

.debug_pubnames
 *(.debug_pubnames)

.debug_info     0x00000000     0xf231
 *(.debug_info .gnu.linkonce.wi.*)
 .debug_info    0x00000000     0x107e ./system/src/stm32f4-hal/stm32f4xx_hal.o
 .debug_info    0x0000107e     0x1863 ./system/src/stm32f4-hal/stm32f4xx_hal_cortex.o
 .debug_info    0x000028e1     0x177e ./system/src/stm32f4-hal/stm32f4xx_hal_rcc.o
 .debug_info    0x0000405f      0x956 ./system/src/newlib/_exit.o
 .debug_info    0x000049b5      0x942 ./system/src/newlib/_sbrk.o
 .debug_info    0x000052f7      0x4bf ./system/src/newlib/_startup.o
 .debug_info    0x000057b6      0xa19 ./system/src/newlib/_syscalls.o
 .debug_info    0x000061cf      0x9ff ./system/src/newlib/assert.o
 .debug_info    0x00006bce      0xb2a ./system/src/diag/Trace.o
 .debug_info    0x000076f8      0xb6b ./system/src/diag/trace_impl.o
 .debug_info    0x00008263      0xade ./system/src/cortexm/_initialize_hardware.o
 .debug_info    0x00008d41     0x115a ./system/src/cortexm/exception_handlers.o
 .debug_info    0x00009e9b      0xcfe ./system/src/cmsis/system_stm32f4xx.o
 .debug_info    0x0000ab99       0xca ./system/src/cmsis/vectors_stm32f401xc.o
 .debug_info    0x0000ac63      0x29c ./src/AHEXAPARSING_Program.o
 .debug_info    0x0000aeff       0x6a ./src/ARM_Delay.o
 .debug_info    0x0000af69      0x67a ./src/ESP8266_PROG.o
 .debug_info    0x0000b5e3      0x26a ./src/MDMA_Program.o
 .debug_info    0x0000b84d      0x540 ./src/MEXTI_Program.o
 .debug_info    0x0000bd8d      0x1a7 ./src/MFDI_Program.o
 .debug_info    0x0000bf34      0x44f ./src/MGPIO_Program.o
 .debug_info    0x0000c383      0x314 ./src/MNVIC_Program.o
 .debug_info    0x0000c697      0x378 ./src/MRCC_Program.o
 .debug_info    0x0000ca0f      0x2f5 ./src/MSPI_Program.o
 .debug_info    0x0000cd04      0x601 ./src/MSYSTICK_Program.o
 .debug_info    0x0000d305      0x29b ./src/USART_PROG.o
 .debug_info    0x0000d5a0      0xd34 ./src/_initialize_hardware.o
 .debug_info    0x0000e2d4      0x64e ./src/main.o
 .debug_info    0x0000e922      0x90f ./src/stm32f4xx_hal_msp.o

.debug_abbrev   0x00000000     0x340d
 *(.debug_abbrev)
 .debug_abbrev  0x00000000      0x32b ./system/src/stm32f4-hal/stm32f4xx_hal.o
 .debug_abbrev  0x0000032b      0x3f1 ./system/src/stm32f4-hal/stm32f4xx_hal_cortex.o
 .debug_abbrev  0x0000071c      0x394 ./system/src/stm32f4-hal/stm32f4xx_hal_rcc.o
 .debug_abbrev  0x00000ab0      0x1f3 ./system/src/newlib/_exit.o
 .debug_abbrev  0x00000ca3      0x1fc ./system/src/newlib/_sbrk.o
 .debug_abbrev  0x00000e9f      0x1cb ./system/src/newlib/_startup.o
 .debug_abbrev  0x0000106a      0x234 ./system/src/newlib/_syscalls.o
 .debug_abbrev  0x0000129e      0x1f3 ./system/src/newlib/assert.o
 .debug_abbrev  0x00001491      0x276 ./system/src/diag/Trace.o
 .debug_abbrev  0x00001707      0x2ef ./system/src/diag/trace_impl.o
 .debug_abbrev  0x000019f6      0x1de ./system/src/cortexm/_initialize_hardware.o
 .debug_abbrev  0x00001bd4      0x32b ./system/src/cortexm/exception_handlers.o
 .debug_abbrev  0x00001eff      0x216 ./system/src/cmsis/system_stm32f4xx.o
 .debug_abbrev  0x00002115       0x9d ./system/src/cmsis/vectors_stm32f401xc.o
 .debug_abbrev  0x000021b2      0x116 ./src/AHEXAPARSING_Program.o
 .debug_abbrev  0x000022c8       0x61 ./src/ARM_Delay.o
 .debug_abbrev  0x00002329      0x11d ./src/ESP8266_PROG.o
 .debug_abbrev  0x00002446      0x100 ./src/MDMA_Program.o
 .debug_abbrev  0x00002546      0x145 ./src/MEXTI_Program.o
 .debug_abbrev  0x0000268b       0xf6 ./src/MFDI_Program.o
 .debug_abbrev  0x00002781       0xf8 ./src/MGPIO_Program.o
 .debug_abbrev  0x00002879      0x113 ./src/MNVIC_Program.o
 .debug_abbrev  0x0000298c       0xe2 ./src/MRCC_Program.o
 .debug_abbrev  0x00002a6e      0x158 ./src/MSPI_Program.o
 .debug_abbrev  0x00002bc6      0x1c1 ./src/MSYSTICK_Program.o
 .debug_abbrev  0x00002d87      0x19e ./src/USART_PROG.o
 .debug_abbrev  0x00002f25      0x22d ./src/_initialize_hardware.o
 .debug_abbrev  0x00003152      0x10a ./src/main.o
 .debug_abbrev  0x0000325c      0x1b1 ./src/stm32f4xx_hal_msp.o

.debug_line     0x00000000     0x9263
 *(.debug_line)
 .debug_line    0x00000000      0xb8c ./system/src/stm32f4-hal/stm32f4xx_hal.o
 .debug_line    0x00000b8c      0xc83 ./system/src/stm32f4-hal/stm32f4xx_hal_cortex.o
 .debug_line    0x0000180f      0xe0e ./system/src/stm32f4-hal/stm32f4xx_hal_rcc.o
 .debug_line    0x0000261d      0x34f ./system/src/newlib/_exit.o
 .debug_line    0x0000296c      0x303 ./system/src/newlib/_sbrk.o
 .debug_line    0x00002c6f      0x3cb ./system/src/newlib/_startup.o
 .debug_line    0x0000303a      0x419 ./system/src/newlib/_syscalls.o
 .debug_line    0x00003453      0x38a ./system/src/newlib/assert.o
 .debug_line    0x000037dd      0x3cb ./system/src/diag/Trace.o
 .debug_line    0x00003ba8      0xabf ./system/src/diag/trace_impl.o
 .debug_line    0x00004667      0xa28 ./system/src/cortexm/_initialize_hardware.o
 .debug_line    0x0000508f      0xb76 ./system/src/cortexm/exception_handlers.o
 .debug_line    0x00005c05      0xa2e ./system/src/cmsis/system_stm32f4xx.o
 .debug_line    0x00006633      0x102 ./system/src/cmsis/vectors_stm32f401xc.o
 .debug_line    0x00006735      0x19b ./src/AHEXAPARSING_Program.o
 .debug_line    0x000068d0       0x4b ./src/ARM_Delay.o
 .debug_line    0x0000691b      0x1b9 ./src/ESP8266_PROG.o
 .debug_line    0x00006ad4      0x11d ./src/MDMA_Program.o
 .debug_line    0x00006bf1      0x2bd ./src/MEXTI_Program.o
 .debug_line    0x00006eae      0x14a ./src/MFDI_Program.o
 .debug_line    0x00006ff8      0x2a1 ./src/MGPIO_Program.o
 .debug_line    0x00007299      0x145 ./src/MNVIC_Program.o
 .debug_line    0x000073de      0x186 ./src/MRCC_Program.o
 .debug_line    0x00007564      0x18a ./src/MSPI_Program.o
 .debug_line    0x000076ee      0x2c9 ./src/MSYSTICK_Program.o
 .debug_line    0x000079b7      0x18e ./src/USART_PROG.o
 .debug_line    0x00007b45      0xa21 ./src/_initialize_hardware.o
 .debug_line    0x00008566      0x2db ./src/main.o
 .debug_line    0x00008841      0xa22 ./src/stm32f4xx_hal_msp.o

.debug_frame    0x00000000     0x166c
 *(.debug_frame)
 .debug_frame   0x00000000      0x188 ./system/src/stm32f4-hal/stm32f4xx_hal.o
 .debug_frame   0x00000188      0x17c ./system/src/stm32f4-hal/stm32f4xx_hal_cortex.o
 .debug_frame   0x00000304      0x140 ./system/src/stm32f4-hal/stm32f4xx_hal_rcc.o
 .debug_frame   0x00000444       0x38 ./system/src/newlib/_exit.o
 .debug_frame   0x0000047c       0x28 ./system/src/newlib/_sbrk.o
 .debug_frame   0x000004a4       0x7c ./system/src/newlib/_startup.o
 .debug_frame   0x00000520       0x50 ./system/src/newlib/_syscalls.o
 .debug_frame   0x00000570       0x40 ./system/src/newlib/assert.o
 .debug_frame   0x000005b0       0x94 ./system/src/diag/Trace.o
 .debug_frame   0x00000644       0x64 ./system/src/diag/trace_impl.o
 .debug_frame   0x000006a8       0x40 ./system/src/cortexm/_initialize_hardware.o
 .debug_frame   0x000006e8      0x158 ./system/src/cortexm/exception_handlers.o
 .debug_frame   0x00000840       0x30 ./system/src/cmsis/system_stm32f4xx.o
 .debug_frame   0x00000870       0x20 ./system/src/cmsis/vectors_stm32f401xc.o
 .debug_frame   0x00000890       0x60 ./src/AHEXAPARSING_Program.o
 .debug_frame   0x000008f0       0x44 ./src/ARM_Delay.o
 .debug_frame   0x00000934       0xc4 ./src/ESP8266_PROG.o
 .debug_frame   0x000009f8       0x84 ./src/MDMA_Program.o
 .debug_frame   0x00000a7c      0x228 ./src/MEXTI_Program.o
 .debug_frame   0x00000ca4       0x54 ./src/MFDI_Program.o
 .debug_frame   0x00000cf8      0x120 ./src/MGPIO_Program.o
 .debug_frame   0x00000e18       0xb0 ./src/MNVIC_Program.o
 .debug_frame   0x00000ec8       0x80 ./src/MRCC_Program.o
 .debug_frame   0x00000f48       0xbc ./src/MSPI_Program.o
 .debug_frame   0x00001004      0x1bc ./src/MSYSTICK_Program.o
 .debug_frame   0x000011c0       0xbc ./src/USART_PROG.o
 .debug_frame   0x0000127c       0x4c ./src/_initialize_hardware.o
 .debug_frame   0x000012c8       0x8c ./src/main.o
 .debug_frame   0x00001354       0x50 ./src/stm32f4xx_hal_msp.o
 .debug_frame   0x000013a4       0x20 d:/imt/tools/01- imt sdk/imt_sdk_win_64/winarm/armgcc/bin/../lib/gcc/arm-none-eabi/7.2.1/../../../../arm-none-eabi/lib/thumb/v7e-m\libg_nano.a(lib_a-errno.o)
 .debug_frame   0x000013c4       0x4c d:/imt/tools/01- imt sdk/imt_sdk_win_64/winarm/armgcc/bin/../lib/gcc/arm-none-eabi/7.2.1/../../../../arm-none-eabi/lib/thumb/v7e-m\libg_nano.a(lib_a-vsnprintf.o)
 .debug_frame   0x00001410       0x90 d:/imt/tools/01- imt sdk/imt_sdk_win_64/winarm/armgcc/bin/../lib/gcc/arm-none-eabi/7.2.1/../../../../arm-none-eabi/lib/thumb/v7e-m\libg_nano.a(lib_a-nano-svfprintf.o)
 .debug_frame   0x000014a0       0x60 d:/imt/tools/01- imt sdk/imt_sdk_win_64/winarm/armgcc/bin/../lib/gcc/arm-none-eabi/7.2.1/../../../../arm-none-eabi/lib/thumb/v7e-m\libg_nano.a(lib_a-nano-vfprintf_i.o)
 .debug_frame   0x00001500       0x28 d:/imt/tools/01- imt sdk/imt_sdk_win_64/winarm/armgcc/bin/../lib/gcc/arm-none-eabi/7.2.1/../../../../arm-none-eabi/lib/thumb/v7e-m\libg_nano.a(lib_a-memcpy-stub.o)
 .debug_frame   0x00001528       0x28 d:/imt/tools/01- imt sdk/imt_sdk_win_64/winarm/armgcc/bin/../lib/gcc/arm-none-eabi/7.2.1/../../../../arm-none-eabi/lib/thumb/v7e-m\libg_nano.a(lib_a-memmove.o)
 .debug_frame   0x00001550       0x38 d:/imt/tools/01- imt sdk/imt_sdk_win_64/winarm/armgcc/bin/../lib/gcc/arm-none-eabi/7.2.1/../../../../arm-none-eabi/lib/thumb/v7e-m\libg_nano.a(lib_a-nano-freer.o)
 .debug_frame   0x00001588       0x2c d:/imt/tools/01- imt sdk/imt_sdk_win_64/winarm/armgcc/bin/../lib/gcc/arm-none-eabi/7.2.1/../../../../arm-none-eabi/lib/thumb/v7e-m\libg_nano.a(lib_a-nano-mallocr.o)
 .debug_frame   0x000015b4       0x3c d:/imt/tools/01- imt sdk/imt_sdk_win_64/winarm/armgcc/bin/../lib/gcc/arm-none-eabi/7.2.1/../../../../arm-none-eabi/lib/thumb/v7e-m\libg_nano.a(lib_a-nano-reallocr.o)
 .debug_frame   0x000015f0       0x2c d:/imt/tools/01- imt sdk/imt_sdk_win_64/winarm/armgcc/bin/../lib/gcc/arm-none-eabi/7.2.1/../../../../arm-none-eabi/lib/thumb/v7e-m\libg_nano.a(lib_a-sbrkr.o)
 .debug_frame   0x0000161c       0x30 d:/imt/tools/01- imt sdk/imt_sdk_win_64/winarm/armgcc/bin/../lib/gcc/arm-none-eabi/7.2.1/../../../../arm-none-eabi/lib/thumb/v7e-m\libg_nano.a(lib_a-mlock.o)
 .debug_frame   0x0000164c       0x20 d:/imt/tools/01- imt sdk/imt_sdk_win_64/winarm/armgcc/bin/../lib/gcc/arm-none-eabi/7.2.1/../../../../arm-none-eabi/lib/thumb/v7e-m\libg_nano.a(lib_a-nano-msizer.o)

.debug_str      0x00000000    0x76ea5
 *(.debug_str)
 .debug_str     0x00000000    0x6fc5c ./system/src/stm32f4-hal/stm32f4xx_hal.o
                              0x70095 (size before relaxing)
 .debug_str     0x0006fc5c      0x391 ./system/src/stm32f4-hal/stm32f4xx_hal_cortex.o
                              0x6feff (size before relaxing)
 .debug_str     0x0006ffed      0x3fa ./system/src/stm32f4-hal/stm32f4xx_hal_rcc.o
                              0x6fc17 (size before relaxing)
 .debug_str     0x000703e7     0x10ff ./system/src/newlib/_exit.o
                               0x7ef6 (size before relaxing)
 .debug_str     0x000714e6      0x4f5 ./system/src/newlib/_sbrk.o
                               0x72a8 (size before relaxing)
 .debug_str     0x000719db      0x2c1 ./system/src/newlib/_startup.o
                               0x6a49 (size before relaxing)
 .debug_str     0x00071c9c      0xe8b ./system/src/newlib/_syscalls.o
                               0x8183 (size before relaxing)
 .debug_str     0x00072b27       0xd0 ./system/src/newlib/assert.o
                               0x89fb (size before relaxing)
 .debug_str     0x00072bf7      0x176 ./system/src/diag/Trace.o
                               0x866e (size before relaxing)
 .debug_str     0x00072d6d      0x37b ./system/src/diag/trace_impl.o
                              0x70994 (size before relaxing)
 .debug_str     0x000730e8       0x5e ./system/src/cortexm/_initialize_hardware.o
                              0x6f726 (size before relaxing)
 .debug_str     0x00073146      0x19d ./system/src/cortexm/exception_handlers.o
                              0x70b1e (size before relaxing)
 .debug_str     0x000732e3       0x46 ./system/src/cmsis/system_stm32f4xx.o
                              0x6f807 (size before relaxing)
 .debug_str     0x00073329       0x59 ./system/src/cmsis/vectors_stm32f401xc.o
                               0x3886 (size before relaxing)
 .debug_str     0x00073382      0x2b7 ./src/AHEXAPARSING_Program.o
                               0x3088 (size before relaxing)
 .debug_str     0x00073639       0x1c ./src/ARM_Delay.o
                               0x2d69 (size before relaxing)
 .debug_str     0x00073655      0x315 ./src/ESP8266_PROG.o
                               0x31e3 (size before relaxing)
 .debug_str     0x0007396a      0x1b6 ./src/MDMA_Program.o
                               0x3069 (size before relaxing)
 .debug_str     0x00073b20      0x524 ./src/MEXTI_Program.o
                               0x340d (size before relaxing)
 .debug_str     0x00074044      0x113 ./src/MFDI_Program.o
                               0x2ffc (size before relaxing)
 .debug_str     0x00074157      0x910 ./src/MGPIO_Program.o
                               0x37db (size before relaxing)
 .debug_str     0x00074a67      0x693 ./src/MNVIC_Program.o
                               0x35a0 (size before relaxing)
 .debug_str     0x000750fa      0x792 ./src/MRCC_Program.o
                               0x373c (size before relaxing)
 .debug_str     0x0007588c      0xb34 ./src/MSPI_Program.o
                               0x39fc (size before relaxing)
 .debug_str     0x000763c0      0x518 ./src/MSYSTICK_Program.o
                               0x3839 (size before relaxing)
 .debug_str     0x000768d8      0x39d ./src/USART_PROG.o
                               0x33d2 (size before relaxing)
 .debug_str     0x00076c75       0x31 ./src/_initialize_hardware.o
                              0x6f91d (size before relaxing)
 .debug_str     0x00076ca6      0x1c2 ./src/main.o
                               0x4093 (size before relaxing)
 .debug_str     0x00076e68       0x3d ./src/stm32f4xx_hal_msp.o
                              0x6f66e (size before relaxing)

.debug_loc      0x00000000     0x30ae
 *(.debug_loc)
 .debug_loc     0x00000000       0x92 ./system/src/stm32f4-hal/stm32f4xx_hal.o
 .debug_loc     0x00000092      0x73b ./system/src/stm32f4-hal/stm32f4xx_hal_cortex.o
 .debug_loc     0x000007cd      0x50a ./system/src/stm32f4-hal/stm32f4xx_hal_rcc.o
 .debug_loc     0x00000cd7       0x85 ./system/src/newlib/_sbrk.o
 .debug_loc     0x00000d5c      0x2cb ./system/src/newlib/_startup.o
 .debug_loc     0x00001027       0x63 ./system/src/newlib/_syscalls.o
 .debug_loc     0x0000108a      0x134 ./system/src/newlib/assert.o
 .debug_loc     0x000011be       0xf6 ./system/src/diag/Trace.o
 .debug_loc     0x000012b4      0x121 ./system/src/diag/trace_impl.o
 .debug_loc     0x000013d5      0x291 ./system/src/cortexm/exception_handlers.o
 .debug_loc     0x00001666      0x13e ./system/src/cmsis/system_stm32f4xx.o
 .debug_loc     0x000017a4      0x24c ./src/AHEXAPARSING_Program.o
 .debug_loc     0x000019f0      0x2ba ./src/ESP8266_PROG.o
 .debug_loc     0x00001caa       0x97 ./src/MDMA_Program.o
 .debug_loc     0x00001d41      0x196 ./src/MEXTI_Program.o
 .debug_loc     0x00001ed7       0x9e ./src/MFDI_Program.o
 .debug_loc     0x00001f75      0x65c ./src/MGPIO_Program.o
 .debug_loc     0x000025d1      0x1df ./src/MNVIC_Program.o
 .debug_loc     0x000027b0      0x2a2 ./src/MRCC_Program.o
 .debug_loc     0x00002a52       0xfd ./src/MSPI_Program.o
 .debug_loc     0x00002b4f      0x46f ./src/MSYSTICK_Program.o
 .debug_loc     0x00002fbe       0xf0 ./src/USART_PROG.o

.debug_macinfo
 *(.debug_macinfo)

.debug_weaknames
 *(.debug_weaknames)

.debug_funcnames
 *(.debug_funcnames)

.debug_typenames
 *(.debug_typenames)

.debug_varnames
 *(.debug_varnames)
OUTPUT(ARM_BOOTLOADER_FOTA.elf elf32-littlearm)

.debug_ranges   0x00000000      0x888
 .debug_ranges  0x00000000       0xb0 ./system/src/stm32f4-hal/stm32f4xx_hal.o
 .debug_ranges  0x000000b0       0xe8 ./system/src/stm32f4-hal/stm32f4xx_hal_cortex.o
 .debug_ranges  0x00000198       0x78 ./system/src/stm32f4-hal/stm32f4xx_hal_rcc.o
 .debug_ranges  0x00000210       0x18 ./system/src/newlib/_exit.o
 .debug_ranges  0x00000228       0x10 ./system/src/newlib/_sbrk.o
 .debug_ranges  0x00000238       0x90 ./system/src/newlib/_startup.o
 .debug_ranges  0x000002c8       0x20 ./system/src/newlib/_syscalls.o
 .debug_ranges  0x000002e8       0x18 ./system/src/newlib/assert.o
 .debug_ranges  0x00000300       0x28 ./system/src/diag/Trace.o
 .debug_ranges  0x00000328       0x50 ./system/src/diag/trace_impl.o
 .debug_ranges  0x00000378       0x18 ./system/src/cortexm/_initialize_hardware.o
 .debug_ranges  0x00000390       0x80 ./system/src/cortexm/exception_handlers.o
 .debug_ranges  0x00000410       0x18 ./system/src/cmsis/system_stm32f4xx.o
 .debug_ranges  0x00000428       0x10 ./system/src/cmsis/vectors_stm32f401xc.o
 .debug_ranges  0x00000438       0x20 ./src/AHEXAPARSING_Program.o
 .debug_ranges  0x00000458       0x10 ./src/ARM_Delay.o
 .debug_ranges  0x00000468       0x40 ./src/ESP8266_PROG.o
 .debug_ranges  0x000004a8       0x30 ./src/MDMA_Program.o
 .debug_ranges  0x000004d8       0xc8 ./src/MEXTI_Program.o
 .debug_ranges  0x000005a0       0x38 ./src/MFDI_Program.o
 .debug_ranges  0x000005d8       0x70 ./src/MGPIO_Program.o
 .debug_ranges  0x00000648       0x40 ./src/MNVIC_Program.o
 .debug_ranges  0x00000688       0x40 ./src/MRCC_Program.o
 .debug_ranges  0x000006c8       0x40 ./src/MSPI_Program.o
 .debug_ranges  0x00000708       0xc0 ./src/MSYSTICK_Program.o
 .debug_ranges  0x000007c8       0x50 ./src/USART_PROG.o
 .debug_ranges  0x00000818       0x18 ./src/_initialize_hardware.o
 .debug_ranges  0x00000830       0x30 ./src/main.o
 .debug_ranges  0x00000860       0x28 ./src/stm32f4xx_hal_msp.o

.debug_macro    0x00000000    0x15909
 .debug_macro   0x00000000      0x532 ./system/src/stm32f4-hal/stm32f4xx_hal.o
 .debug_macro   0x00000532      0xa6c ./system/src/stm32f4-hal/stm32f4xx_hal.o
 .debug_macro   0x00000f9e      0x289 ./system/src/stm32f4-hal/stm32f4xx_hal.o
 .debug_macro   0x00001227       0x31 ./system/src/stm32f4-hal/stm32f4xx_hal.o
 .debug_macro   0x00001258       0x28 ./system/src/stm32f4-hal/stm32f4xx_hal.o
 .debug_macro   0x00001280      0x34e ./system/src/stm32f4-hal/stm32f4xx_hal.o
 .debug_macro   0x000015ce       0x35 ./system/src/stm32f4-hal/stm32f4xx_hal.o
 .debug_macro   0x00001603       0x50 ./system/src/stm32f4-hal/stm32f4xx_hal.o
 .debug_macro   0x00001653      0xe66 ./system/src/stm32f4-hal/stm32f4xx_hal.o
 .debug_macro   0x000024b9     0x5099 ./system/src/stm32f4-hal/stm32f4xx_hal.o
 .debug_macro   0x00007552       0x43 ./system/src/stm32f4-hal/stm32f4xx_hal.o
 .debug_macro   0x00007595     0x347f ./system/src/stm32f4-hal/stm32f4xx_hal.o
 .debug_macro   0x0000aa14       0x22 ./system/src/stm32f4-hal/stm32f4xx_hal.o
 .debug_macro   0x0000aa36       0x52 ./system/src/stm32f4-hal/stm32f4xx_hal.o
 .debug_macro   0x0000aa88       0x17 ./system/src/stm32f4-hal/stm32f4xx_hal.o
 .debug_macro   0x0000aa9f       0x8d ./system/src/stm32f4-hal/stm32f4xx_hal.o
 .debug_macro   0x0000ab2c       0x35 ./system/src/stm32f4-hal/stm32f4xx_hal.o
 .debug_macro   0x0000ab61       0x9c ./system/src/stm32f4-hal/stm32f4xx_hal.o
 .debug_macro   0x0000abfd       0x16 ./system/src/stm32f4-hal/stm32f4xx_hal.o
 .debug_macro   0x0000ac13       0x57 ./system/src/stm32f4-hal/stm32f4xx_hal.o
 .debug_macro   0x0000ac6a       0x97 ./system/src/stm32f4-hal/stm32f4xx_hal.o
 .debug_macro   0x0000ad01      0x330 ./system/src/stm32f4-hal/stm32f4xx_hal.o
 .debug_macro   0x0000b031       0xfd ./system/src/stm32f4-hal/stm32f4xx_hal.o
 .debug_macro   0x0000b12e       0x10 ./system/src/stm32f4-hal/stm32f4xx_hal.o
 .debug_macro   0x0000b13e       0x58 ./system/src/stm32f4-hal/stm32f4xx_hal.o
 .debug_macro   0x0000b196       0x1f ./system/src/stm32f4-hal/stm32f4xx_hal.o
 .debug_macro   0x0000b1b5       0x43 ./system/src/stm32f4-hal/stm32f4xx_hal.o
 .debug_macro   0x0000b1f8       0x20 ./system/src/stm32f4-hal/stm32f4xx_hal.o
 .debug_macro   0x0000b218      0x18e ./system/src/stm32f4-hal/stm32f4xx_hal.o
 .debug_macro   0x0000b3a6       0x10 ./system/src/stm32f4-hal/stm32f4xx_hal.o
 .debug_macro   0x0000b3b6       0x6a ./system/src/stm32f4-hal/stm32f4xx_hal.o
 .debug_macro   0x0000b420       0x1c ./system/src/stm32f4-hal/stm32f4xx_hal.o
 .debug_macro   0x0000b43c       0x52 ./system/src/stm32f4-hal/stm32f4xx_hal.o
 .debug_macro   0x0000b48e       0x40 ./system/src/stm32f4-hal/stm32f4xx_hal.o
 .debug_macro   0x0000b4ce       0x10 ./system/src/stm32f4-hal/stm32f4xx_hal.o
 .debug_macro   0x0000b4de       0x40 ./system/src/stm32f4-hal/stm32f4xx_hal.o
 .debug_macro   0x0000b51e       0xd7 ./system/src/stm32f4-hal/stm32f4xx_hal.o
 .debug_macro   0x0000b5f5       0x1c ./system/src/stm32f4-hal/stm32f4xx_hal.o
 .debug_macro   0x0000b611       0x3d ./system/src/stm32f4-hal/stm32f4xx_hal.o
 .debug_macro   0x0000b64e       0x16 ./system/src/stm32f4-hal/stm32f4xx_hal.o
 .debug_macro   0x0000b664      0x16f ./system/src/stm32f4-hal/stm32f4xx_hal.o
 .debug_macro   0x0000b7d3       0x57 ./system/src/stm32f4-hal/stm32f4xx_hal.o
 .debug_macro   0x0000b82a      0x424 ./system/src/stm32f4-hal/stm32f4xx_hal.o
 .debug_macro   0x0000bc4e      0x9e1 ./system/src/stm32f4-hal/stm32f4xx_hal.o
 .debug_macro   0x0000c62f      0x11e ./system/src/stm32f4-hal/stm32f4xx_hal.o
 .debug_macro   0x0000c74d       0xf8 ./system/src/stm32f4-hal/stm32f4xx_hal.o
 .debug_macro   0x0000c845       0x27 ./system/src/stm32f4-hal/stm32f4xx_hal.o
 .debug_macro   0x0000c86c      0x287 ./system/src/stm32f4-hal/stm32f4xx_hal.o
 .debug_macro   0x0000caf3       0x5f ./system/src/stm32f4-hal/stm32f4xx_hal.o
 .debug_macro   0x0000cb52      0x23a ./system/src/stm32f4-hal/stm32f4xx_hal.o
 .debug_macro   0x0000cd8c      0x391 ./system/src/stm32f4-hal/stm32f4xx_hal.o
 .debug_macro   0x0000d11d      0x16f ./system/src/stm32f4-hal/stm32f4xx_hal.o
 .debug_macro   0x0000d28c       0xf9 ./system/src/stm32f4-hal/stm32f4xx_hal.o
 .debug_macro   0x0000d385       0x23 ./system/src/stm32f4-hal/stm32f4xx_hal.o
 .debug_macro   0x0000d3a8      0x13a ./system/src/stm32f4-hal/stm32f4xx_hal.o
 .debug_macro   0x0000d4e2      0x23a ./system/src/stm32f4-hal/stm32f4xx_hal.o
 .debug_macro   0x0000d71c       0x2e ./system/src/stm32f4-hal/stm32f4xx_hal.o
 .debug_macro   0x0000d74a      0x1a7 ./system/src/stm32f4-hal/stm32f4xx_hal.o
 .debug_macro   0x0000d8f1       0x22 ./system/src/stm32f4-hal/stm32f4xx_hal.o
 .debug_macro   0x0000d913       0xa5 ./system/src/stm32f4-hal/stm32f4xx_hal.o
 .debug_macro   0x0000d9b8      0x18b ./system/src/stm32f4-hal/stm32f4xx_hal.o
 .debug_macro   0x0000db43       0x24 ./system/src/stm32f4-hal/stm32f4xx_hal.o
 .debug_macro   0x0000db67       0x35 ./system/src/stm32f4-hal/stm32f4xx_hal.o
 .debug_macro   0x0000db9c       0x79 ./system/src/stm32f4-hal/stm32f4xx_hal.o
 .debug_macro   0x0000dc15      0x11e ./system/src/stm32f4-hal/stm32f4xx_hal.o
 .debug_macro   0x0000dd33       0x85 ./system/src/stm32f4-hal/stm32f4xx_hal.o
 .debug_macro   0x0000ddb8       0x89 ./system/src/stm32f4-hal/stm32f4xx_hal.o
 .debug_macro   0x0000de41      0x31a ./system/src/stm32f4-hal/stm32f4xx_hal.o
 .debug_macro   0x0000e15b      0x409 ./system/src/stm32f4-hal/stm32f4xx_hal.o
 .debug_macro   0x0000e564       0xe4 ./system/src/stm32f4-hal/stm32f4xx_hal.o
 .debug_macro   0x0000e648      0x48d ./system/src/stm32f4-hal/stm32f4xx_hal.o
 .debug_macro   0x0000ead5      0x22b ./system/src/stm32f4-hal/stm32f4xx_hal.o
 .debug_macro   0x0000ed00      0x202 ./system/src/stm32f4-hal/stm32f4xx_hal.o
 .debug_macro   0x0000ef02      0x6d9 ./system/src/stm32f4-hal/stm32f4xx_hal.o
 .debug_macro   0x0000f5db       0x5b ./system/src/stm32f4-hal/stm32f4xx_hal.o
 .debug_macro   0x0000f636      0x14d ./system/src/stm32f4-hal/stm32f4xx_hal.o
 .debug_macro   0x0000f783      0x287 ./system/src/stm32f4-hal/stm32f4xx_hal.o
 .debug_macro   0x0000fa0a      0x225 ./system/src/stm32f4-hal/stm32f4xx_hal.o
 .debug_macro   0x0000fc2f      0x1b5 ./system/src/stm32f4-hal/stm32f4xx_hal.o
 .debug_macro   0x0000fde4      0x2db ./system/src/stm32f4-hal/stm32f4xx_hal.o
 .debug_macro   0x000100bf       0x89 ./system/src/stm32f4-hal/stm32f4xx_hal.o
 .debug_macro   0x00010148      0x1df ./system/src/stm32f4-hal/stm32f4xx_hal.o
 .debug_macro   0x00010327      0x115 ./system/src/stm32f4-hal/stm32f4xx_hal.o
 .debug_macro   0x0001043c       0x6e ./system/src/stm32f4-hal/stm32f4xx_hal.o
 .debug_macro   0x000104aa      0x11e ./system/src/stm32f4-hal/stm32f4xx_hal.o
 .debug_macro   0x000105c8      0x4e4 ./system/src/stm32f4-hal/stm32f4xx_hal_cortex.o
 .debug_macro   0x00010aac      0x50e ./system/src/stm32f4-hal/stm32f4xx_hal_rcc.o
 .debug_macro   0x00010fba      0x1b4 ./system/src/newlib/_exit.o
 .debug_macro   0x0001116e      0x10e ./system/src/newlib/_exit.o
 .debug_macro   0x0001127c       0x8d ./system/src/newlib/_exit.o
 .debug_macro   0x00011309       0x35 ./system/src/newlib/_exit.o
 .debug_macro   0x0001133e      0x169 ./system/src/newlib/_sbrk.o
 .debug_macro   0x000114a7      0x174 ./system/src/newlib/_sbrk.o
 .debug_macro   0x0001161b       0x10 ./system/src/newlib/_sbrk.o
 .debug_macro   0x0001162b      0x23b ./system/src/newlib/_sbrk.o
 .debug_macro   0x00011866      0x173 ./system/src/newlib/_startup.o
 .debug_macro   0x000119d9      0xa72 ./system/src/newlib/_startup.o
 .debug_macro   0x0001244b      0x217 ./system/src/newlib/_syscalls.o
 .debug_macro   0x00012662       0x1c ./system/src/newlib/_syscalls.o
 .debug_macro   0x0001267e       0x10 ./system/src/newlib/_syscalls.o
 .debug_macro   0x0001268e       0x10 ./system/src/newlib/_syscalls.o
 .debug_macro   0x0001269e       0x10 ./system/src/newlib/_syscalls.o
 .debug_macro   0x000126ae       0x35 ./system/src/newlib/_syscalls.o
 .debug_macro   0x000126e3      0x122 ./system/src/newlib/_syscalls.o
 .debug_macro   0x00012805       0x88 ./system/src/newlib/_syscalls.o
 .debug_macro   0x0001288d       0x2b ./system/src/newlib/_syscalls.o
 .debug_macro   0x000128b8      0x118 ./system/src/newlib/_syscalls.o
 .debug_macro   0x000129d0      0x189 ./system/src/newlib/_syscalls.o
 .debug_macro   0x00012b59       0x16 ./system/src/newlib/_syscalls.o
 .debug_macro   0x00012b6f      0x1d0 ./system/src/newlib/assert.o
 .debug_macro   0x00012d3f       0x1c ./system/src/newlib/assert.o
 .debug_macro   0x00012d5b      0x1fb ./system/src/diag/Trace.o
 .debug_macro   0x00012f56       0x4c ./system/src/diag/Trace.o
 .debug_macro   0x00012fa2       0x16 ./system/src/diag/Trace.o
 .debug_macro   0x00012fb8      0x52a ./system/src/diag/trace_impl.o
 .debug_macro   0x000134e2       0x22 ./system/src/diag/trace_impl.o
 .debug_macro   0x00013504      0x4ee ./system/src/cortexm/_initialize_hardware.o
 .debug_macro   0x000139f2      0x557 ./system/src/cortexm/exception_handlers.o
 .debug_macro   0x00013f49       0x3b ./system/src/cortexm/exception_handlers.o
 .debug_macro   0x00013f84      0x4ea ./system/src/cmsis/system_stm32f4xx.o
 .debug_macro   0x0001446e       0x34 ./system/src/cmsis/vectors_stm32f401xc.o
 .debug_macro   0x000144a2       0x4b ./src/AHEXAPARSING_Program.o
 .debug_macro   0x000144ed       0x22 ./src/AHEXAPARSING_Program.o
 .debug_macro   0x0001450f       0x1c ./src/AHEXAPARSING_Program.o
 .debug_macro   0x0001452b       0x11 ./src/ARM_Delay.o
 .debug_macro   0x0001453c       0x40 ./src/ESP8266_PROG.o
 .debug_macro   0x0001457c       0x7c ./src/ESP8266_PROG.o
 .debug_macro   0x000145f8       0x40 ./src/MDMA_Program.o
 .debug_macro   0x00014638       0x16 ./src/MDMA_Program.o
 .debug_macro   0x0001464e       0x3f ./src/MEXTI_Program.o
 .debug_macro   0x0001468d       0x2e ./src/MEXTI_Program.o
 .debug_macro   0x000146bb       0x40 ./src/MFDI_Program.o
 .debug_macro   0x000146fb       0x28 ./src/MFDI_Program.o
 .debug_macro   0x00014723       0x3f ./src/MGPIO_Program.o
 .debug_macro   0x00014762       0x76 ./src/MGPIO_Program.o
 .debug_macro   0x000147d8       0x3f ./src/MNVIC_Program.o
 .debug_macro   0x00014817       0x34 ./src/MNVIC_Program.o
 .debug_macro   0x0001484b       0x3e ./src/MRCC_Program.o
 .debug_macro   0x00014889       0x16 ./src/MRCC_Program.o
 .debug_macro   0x0001489f      0x148 ./src/MRCC_Program.o
 .debug_macro   0x000149e7       0xac ./src/MRCC_Program.o
 .debug_macro   0x00014a93       0x3f ./src/MSPI_Program.o
 .debug_macro   0x00014ad2      0x222 ./src/MSPI_Program.o
 .debug_macro   0x00014cf4       0x5e ./src/MSPI_Program.o
 .debug_macro   0x00014d52       0x48 ./src/MSYSTICK_Program.o
 .debug_macro   0x00014d9a       0x16 ./src/MSYSTICK_Program.o
 .debug_macro   0x00014db0       0x58 ./src/MSYSTICK_Program.o
 .debug_macro   0x00014e08       0x44 ./src/USART_PROG.o
 .debug_macro   0x00014e4c       0x40 ./src/USART_PROG.o
 .debug_macro   0x00014e8c       0x28 ./src/USART_PROG.o
 .debug_macro   0x00014eb4      0x4e4 ./src/_initialize_hardware.o
 .debug_macro   0x00015398       0x8d ./src/main.o
 .debug_macro   0x00015425      0x4e4 ./src/stm32f4xx_hal_msp.o
